Component: ARM Compiler 5.06 update 4 (build 422) Tool: armlink [4d35d2]

==============================================================================

Section Cross References

    main.o(i.EXTI9_5_IRQHandler) refers to main.o(.data) for wave_t
    main.o(i.TIM8_UP_TIM13_IRQHandler) refers to main.o(.data) for wave_f
    main.o(i.TIM8_UP_TIM13_IRQHandler) refers to main.o(.bss) for sigarr_sin
    main.o(i.TIM_delay_init) refers to stm32f4xx_rcc.o(i.RCC_GetClocksFreq) for RCC_GetClocksFreq
    main.o(i.TIM_delay_init) refers to main.o(.data) for cycles_times_us
    main.o(i.TIM_delay_us) refers to main.o(.data) for cycles_times_us
    main.o(i.display_status) refers to tft.o(i.TFT_gotoxy) for TFT_gotoxy
    main.o(i.display_status) refers to tft.o(i.TFT_puts) for TFT_puts
    main.o(i.display_status) refers to main.o(.data) for last_t
    main.o(i.main) refers to main.o(i.sigarr_init) for sigarr_init
    main.o(i.main) refers to ce_lib.o(i.initCEP_Board) for initCEP_Board
    main.o(i.main) refers to main.o(i.TIM_delay_init) for TIM_delay_init
    main.o(i.main) refers to main.o(i.NVIC_SetPriority) for NVIC_SetPriority
    main.o(i.main) refers to main.o(i.NVIC_EnableIRQ) for NVIC_EnableIRQ
    main.o(i.main) refers to main.o(i.display_status) for display_status
    main.o(i.sigarr_init) refers to dflti.o(.text) for __aeabi_i2d
    main.o(i.sigarr_init) refers to dmul.o(.text) for __aeabi_dmul
    main.o(i.sigarr_init) refers to sin.o(i.__hardfp_sin) for __hardfp_sin
    main.o(i.sigarr_init) refers to dfixi.o(.text) for __aeabi_d2iz
    main.o(i.sigarr_init) refers to main.o(i.tri) for tri
    main.o(i.sigarr_init) refers to main.o(.bss) for sigarr_sin
    main.o(i.tri) refers to dadd.o(.text) for __aeabi_dsub
    main.o(i.tri) refers to ddiv.o(.text) for __aeabi_ddiv
    main.o(i.tri) refers to cdrcmple.o(.text) for __aeabi_cdrcmple
    main.o(i.tri) refers to modf.o(i.__hardfp_modf) for __hardfp_modf
    main.o(i.tri) refers to cdcmple.o(.text) for __aeabi_cdcmple
    main.o(i.tri) refers to fabs.o(i.__hardfp_fabs) for __hardfp_fabs
    main.o(i.tri) refers to dmul.o(.text) for __aeabi_dmul
    keypad.o(i.Clear_Line) refers to tft.o(i.TFT_set_window) for TFT_set_window
    keypad.o(i.Clear_Line) refers to tft.o(i.TFT_cls) for TFT_cls
    keypad.o(i.Display_value) refers to tft.o(i.TFT_set_window) for TFT_set_window
    keypad.o(i.Display_value) refers to printf1.o(i.__0snprintf$1) for __2snprintf
    keypad.o(i.Display_value) refers to tft.o(i.TFT_cls) for TFT_cls
    keypad.o(i.Display_value) refers to tft.o(i.TFT_putc) for TFT_putc
    keypad.o(i.Get_Touch_Pad_Input) refers to tft.o(i.TFT_get_data) for TFT_get_data
    keypad.o(i.Get_Touch_Pad_Input) refers to printf1.o(i.__0printf$1) for __2printf
    keypad.o(i.Make_Touch_Pad) refers to tft.o(i.TFT_Init) for TFT_Init
    keypad.o(i.Make_Touch_Pad) refers to tft.o(i.TFT_cursor_off) for TFT_cursor_off
    keypad.o(i.Make_Touch_Pad) refers to tft.o(i.TFT_graphic_cls) for TFT_graphic_cls
    keypad.o(i.Make_Touch_Pad) refers to tft.o(i.TFT_touch_area_clear) for TFT_touch_area_clear
    keypad.o(i.Make_Touch_Pad) refers to tft.o(i.TFT_set_font_color) for TFT_set_font_color
    keypad.o(i.Make_Touch_Pad) refers to tft.o(i.TFT_set_window) for TFT_set_window
    keypad.o(i.Make_Touch_Pad) refers to tft.o(i.TFT_terminal_on) for TFT_terminal_on
    keypad.o(i.Make_Touch_Pad) refers to tft.o(i.TFT_touch_area_font_color) for TFT_touch_area_font_color
    keypad.o(i.Make_Touch_Pad) refers to tft.o(i.TFT_touch_area_font) for TFT_touch_area_font
    keypad.o(i.Make_Touch_Pad) refers to tft.o(i.TFT_touch_area_frame) for TFT_touch_area_frame
    keypad.o(i.Make_Touch_Pad) refers to tft.o(i.TFT_touch_area_color) for TFT_touch_area_color
    keypad.o(i.Make_Touch_Pad) refers to tft.o(i.TFT_touch_area) for TFT_touch_area
    stm32f4xx_gpio.o(i.GPIO_DeInit) refers to stm32f4xx_rcc.o(i.RCC_AHB1PeriphResetCmd) for RCC_AHB1PeriphResetCmd
    stm32f4xx_rcc.o(i.RCC_GetClocksFreq) refers to stm32f4xx_rcc.o(.data) for APBAHBPrescTable
    stm32f4xx_rcc.o(i.RCC_WaitForHSEStartUp) refers to stm32f4xx_rcc.o(i.RCC_GetFlagStatus) for RCC_GetFlagStatus
    stm32f4xx_usart.o(i.USART_DeInit) refers to stm32f4xx_rcc.o(i.RCC_APB2PeriphResetCmd) for RCC_APB2PeriphResetCmd
    stm32f4xx_usart.o(i.USART_DeInit) refers to stm32f4xx_rcc.o(i.RCC_APB1PeriphResetCmd) for RCC_APB1PeriphResetCmd
    stm32f4xx_usart.o(i.USART_Init) refers to stm32f4xx_rcc.o(i.RCC_GetClocksFreq) for RCC_GetClocksFreq
    startup_stm32f40_41xxx.o(RESET) refers to startup_stm32f40_41xxx.o(STACK) for __initial_sp
    startup_stm32f40_41xxx.o(RESET) refers to startup_stm32f40_41xxx.o(.text) for Reset_Handler
    startup_stm32f40_41xxx.o(RESET) refers to main.o(i.EXTI9_5_IRQHandler) for EXTI9_5_IRQHandler
    startup_stm32f40_41xxx.o(RESET) refers to main.o(i.TIM8_UP_TIM13_IRQHandler) for TIM8_UP_TIM13_IRQHandler
    startup_stm32f40_41xxx.o(RESET) refers to usart.o(i.USART6_IRQHandler) for USART6_IRQHandler
[...]
    printfb.o(i.__0vsnprintf$bare) refers to printfb.o(i._printf_core) for _printf_core
    printfb.o(i.__0vsnprintf$bare) refers to printfb.o(i._snputc) for _snputc
    printfb.o(i.__0vsprintf$bare) refers to printfb.o(i._printf_core) for _printf_core
    printfb.o(i.__0vsprintf$bare) refers to printfb.o(i._sputc) for _sputc
    printf0.o(i.__0fprintf$0) refers to printf0.o(i._printf_core) for _printf_core
    printf0.o(i.__0fprintf$0) refers to retarget.o(i.fputc) for fputc
    printf0.o(i.__0printf$0) refers to printf0.o(i._printf_core) for _printf_core
    printf0.o(i.__0printf$0) refers to retarget.o(i.fputc) for fputc
    printf0.o(i.__0printf$0) refers to retarget.o(.data) for __stdout
    printf0.o(i.__0snprintf$0) refers to printf0.o(i._printf_core) for _printf_core
    printf0.o(i.__0snprintf$0) refers to printf0.o(i._snputc) for _snputc
    printf0.o(i.__0sprintf$0) refers to printf0.o(i._printf_core) for _printf_core
    printf0.o(i.__0sprintf$0) refers to printf0.o(i._sputc) for _sputc
    printf0.o(i.__0vfprintf$0) refers to printf0.o(i._printf_core) for _printf_core
    printf0.o(i.__0vfprintf$0) refers to retarget.o(i.fputc) for fputc
    printf0.o(i.__0vprintf$0) refers to printf0.o(i._printf_core) for _printf_core
    printf0.o(i.__0vprintf$0) refers to retarget.o(i.fputc) for fputc
    printf0.o(i.__0vprintf$0) refers to retarget.o(.data) for __stdout
    printf0.o(i.__0vsnprintf$0) refers to printf0.o(i._printf_core) for _printf_core
    printf0.o(i.__0vsnprintf$0) refers to printf0.o(i._snputc) for _snputc
    printf0.o(i.__0vsprintf$0) refers to printf0.o(i._printf_core) for _printf_core
    printf0.o(i.__0vsprintf$0) refers to printf0.o(i._sputc) for _sputc
    printf1.o(i.__0fprintf$1) refers to printf1.o(i._printf_core) for _printf_core
    printf1.o(i.__0fprintf$1) refers to retarget.o(i.fputc) for fputc
    printf1.o(i.__0printf$1) refers to printf1.o(i._printf_core) for _printf_core
    printf1.o(i.__0printf$1) refers to retarget.o(i.fputc) for fputc
    printf1.o(i.__0printf$1) refers to retarget.o(.data) for __stdout
    printf1.o(i.__0snprintf$1) refers to printf1.o(i._printf_core) for _printf_core
    printf1.o(i.__0snprintf$1) refers to printf1.o(i._snputc) for _snputc
    printf1.o(i.__0sprintf$1) refers to printf1.o(i._printf_core) for _printf_core
    printf1.o(i.__0sprintf$1) refers to printf1.o(i._sputc) for _sputc
    printf1.o(i.__0vfprintf$1) refers to printf1.o(i._printf_core) for _printf_core
    printf1.o(i.__0vfprintf$1) refers to retarget.o(i.fputc) for fputc
    printf1.o(i.__0vprintf$1) refers to printf1.o(i._printf_core) for _printf_core
    printf1.o(i.__0vprintf$1) refers to retarget.o(i.fputc) for fputc
    printf1.o(i.__0vprintf$1) refers to retarget.o(.data) for __stdout
    printf1.o(i.__0vsnprintf$1) refers to printf1.o(i._printf_core) for _printf_core
    printf1.o(i.__0vsnprintf$1) refers to printf1.o(i._snputc) for _snputc
    printf1.o(i.__0vsprintf$1) refers to printf1.o(i._printf_core) for _printf_core
    printf1.o(i.__0vsprintf$1) refers to printf1.o(i._sputc) for _sputc
    printf1.o(i._printf_core) refers to uidiv.o(.text) for __aeabi_uidivmod
    printf2.o(i.__0fprintf$2) refers to printf2.o(i._printf_core) for _printf_core
    printf2.o(i.__0fprintf$2) refers to retarget.o(i.fputc) for fputc
    printf2.o(i.__0printf$2) refers to printf2.o(i._printf_core) for _printf_core
    printf2.o(i.__0printf$2) refers to retarget.o(i.fputc) for fputc
    printf2.o(i.__0printf$2) refers to retarget.o(.data) for __stdout
    printf2.o(i.__0snprintf$2) refers to printf2.o(i._printf_core) for _printf_core
    printf2.o(i.__0snprintf$2) refers to printf2.o(i._snputc) for _snputc
    printf2.o(i.__0sprintf$2) refers to printf2.o(i._printf_core) for _printf_core
    printf2.o(i.__0sprintf$2) refers to printf2.o(i._sputc) for _sputc
    printf2.o(i.__0vfprintf$2) refers to printf2.o(i._printf_core) for _printf_core
    printf2.o(i.__0vfprintf$2) refers to retarget.o(i.fputc) for fputc
    printf2.o(i.__0vprintf$2) refers to printf2.o(i._printf_core) for _printf_core
    printf2.o(i.__0vprintf$2) refers to retarget.o(i.fputc) for fputc
    printf2.o(i.__0vprintf$2) refers to retarget.o(.data) for __stdout
    printf2.o(i.__0vsnprintf$2) refers to printf2.o(i._printf_core) for _printf_core
    printf2.o(i.__0vsnprintf$2) refers to printf2.o(i._snputc) for _snputc
    printf2.o(i.__0vsprintf$2) refers to printf2.o(i._printf_core) for _printf_core
    printf2.o(i.__0vsprintf$2) refers to printf2.o(i._sputc) for _sputc
    printf3.o(i.__0fprintf$3) refers to printf3.o(i._printf_core) for _printf_core
    printf3.o(i.__0fprintf$3) refers to retarget.o(i.fputc) for fputc
    printf3.o(i.__0printf$3) refers to printf3.o(i._printf_core) for _printf_core
    printf3.o(i.__0printf$3) refers to retarget.o(i.fputc) for fputc
    printf3.o(i.__0printf$3) refers to retarget.o(.data) for __stdout
    printf3.o(i.__0snprintf$3) refers to printf3.o(i._printf_core) for _printf_core
    printf3.o(i.__0snprintf$3) refers to printf3.o(i._snputc) for _snputc
    printf3.o(i.__0sprintf$3) refers to printf3.o(i._printf_core) for _printf_core
    printf3.o(i.__0sprintf$3) refers to printf3.o(i._sputc) for _sputc
    printf3.o(i.__0vfprintf$3) refers to printf3.o(i._printf_core) for _printf_core
    printf3.o(i.__0vfprintf$3) refers to retarget.o(i.fputc) for fputc
    printf3.o(i.__0vprintf$3) refers to printf3.o(i._printf_core) for _printf_core
    printf3.o(i.__0vprintf$3) refers to retarget.o(i.fputc) for fputc
    printf3.o(i.__0vprintf$3) refers to retarget.o(.data) for __stdout
    printf3.o(i.__0vsnprintf$3) refers to printf3.o(i._printf_core) for _printf_core
    printf3.o(i.__0vsnprintf$3) refers to printf3.o(i._snputc) for _snputc
    printf3.o(i.__0vsprintf$3) refers to printf3.o(i._printf_core) for _printf_core
    printf3.o(i.__0vsprintf$3) refers to printf3.o(i._sputc) for _sputc
    printf3.o(i._printf_core) refers to uidiv.o(.text) for __aeabi_uidivmod
    printf4.o(i.__0fprintf$4) refers to printf4.o(i._printf_core) for _printf_core
    printf4.o(i.__0fprintf$4) refers to retarget.o(i.fputc) for fputc
    printf4.o(i.__0printf$4) refers to printf4.o(i._printf_core) for _printf_core
    printf4.o(i.__0printf$4) refers to retarget.o(i.fputc) for fputc
    printf4.o(i.__0printf$4) refers to retarget.o(.data) for __stdout
    printf4.o(i.__0snprintf$4) refers to printf4.o(i._printf_core) for _printf_core
    printf4.o(i.__0snprintf$4) refers to printf4.o(i._snputc) for _snputc
    printf4.o(i.__0sprintf$4) refers to printf4.o(i._printf_core) for _printf_core
    printf4.o(i.__0sprintf$4) refers to printf4.o(i._sputc) for _sputc
    printf4.o(i.__0vfprintf$4) refers to printf4.o(i._printf_core) for _printf_core
    printf4.o(i.__0vfprintf$4) refers to retarget.o(i.fputc) for fputc
    printf4.o(i.__0vprintf$4) refers to printf4.o(i._printf_core) for _printf_core
    printf4.o(i.__0vprintf$4) refers to retarget.o(i.fputc) for fputc
    printf4.o(i.__0vprintf$4) refers to retarget.o(.data) for __stdout
    printf4.o(i.__0vsnprintf$4) refers to printf4.o(i._printf_core) for _printf_core
    printf4.o(i.__0vsnprintf$4) refers to printf4.o(i._snputc) for _snputc
    printf4.o(i.__0vsprintf$4) refers to printf4.o(i._printf_core) for _printf_core
    printf4.o(i.__0vsprintf$4) refers to printf4.o(i._sputc) for _sputc
    printf4.o(i._printf_core) refers to uldiv.o(.text) for __aeabi_uldivmod
    printf5.o(i.__0fprintf$5) refers to printf5.o(i._printf_core) for _printf_core
    printf5.o(i.__0fprintf$5) refers to retarget.o(i.fputc) for fputc
    printf5.o(i.__0printf$5) refers to printf5.o(i._printf_core) for _printf_core
    printf5.o(i.__0printf$5) refers to retarget.o(i.fputc) for fputc
    printf5.o(i.__0printf$5) refers to retarget.o(.data) for __stdout
    printf5.o(i.__0snprintf$5) refers to printf5.o(i._printf_core) for _printf_core
    printf5.o(i.__0snprintf$5) refers to printf5.o(i._snputc) for _snputc
    printf5.o(i.__0sprintf$5) refers to printf5.o(i._printf_core) for _printf_core
    printf5.o(i.__0sprintf$5) refers to printf5.o(i._sputc) for _sputc
    printf5.o(i.__0vfprintf$5) refers to printf5.o(i._printf_core) for _printf_core
    printf5.o(i.__0vfprintf$5) refers to retarget.o(i.fputc) for fputc
    printf5.o(i.__0vprintf$5) refers to printf5.o(i._printf_core) for _printf_core
    printf5.o(i.__0vprintf$5) refers to retarget.o(i.fputc) for fputc
    printf5.o(i.__0vprintf$5) refers to retarget.o(.data) for __stdout
    printf5.o(i.__0vsnprintf$5) refers to printf5.o(i._printf_core) for _printf_core
    printf5.o(i.__0vsnprintf$5) refers to printf5.o(i._snputc) for _snputc
    printf5.o(i.__0vsprintf$5) refers to printf5.o(i._printf_core) for _printf_core
    printf5.o(i.__0vsprintf$5) refers to printf5.o(i._sputc) for _sputc
    printf5.o(i._printf_core) refers to uldiv.o(.text) for __aeabi_uldivmod
    printf6.o(i.__0fprintf$6) refers to printf6.o(i._printf_core) for _printf_core
    printf6.o(i.__0fprintf$6) refers to retarget.o(i.fputc) for fputc
    printf6.o(i.__0printf$6) refers to printf6.o(i._printf_core) for _printf_core
    printf6.o(i.__0printf$6) refers to retarget.o(i.fputc) for fputc
    printf6.o(i.__0printf$6) refers to retarget.o(.data) for __stdout
    printf6.o(i.__0snprintf$6) refers to printf6.o(i._printf_core) for _printf_core
    printf6.o(i.__0snprintf$6) refers to printf6.o(i._snputc) for _snputc
    printf6.o(i.__0sprintf$6) refers to printf6.o(i._printf_core) for _printf_core
    printf6.o(i.__0sprintf$6) refers to printf6.o(i._sputc) for _sputc
    printf6.o(i.__0vfprintf$6) refers to printf6.o(i._printf_core) for _printf_core
    printf6.o(i.__0vfprintf$6) refers to retarget.o(i.fputc) for fputc
    printf6.o(i.__0vprintf$6) refers to printf6.o(i._printf_core) for _printf_core
    printf6.o(i.__0vprintf$6) refers to retarget.o(i.fputc) for fputc
    printf6.o(i.__0vprintf$6) refers to retarget.o(.data) for __stdout
    printf6.o(i.__0vsnprintf$6) refers to printf6.o(i._printf_core) for _printf_core
    printf6.o(i.__0vsnprintf$6) refers to printf6.o(i._snputc) for _snputc
    printf6.o(i.__0vsprintf$6) refers to printf6.o(i._printf_core) for _printf_core
    printf6.o(i.__0vsprintf$6) refers to printf6.o(i._sputc) for _sputc
    printf6.o(i._printf_core) refers to printf6.o(i._printf_pre_padding) for _printf_pre_padding
    printf6.o(i._printf_core) refers to uidiv.o(.text) for __aeabi_uidivmod
    printf6.o(i._printf_core) refers to printf6.o(i._printf_post_padding) for _printf_post_padding
    printf7.o(i.__0fprintf$7) refers to printf7.o(i._printf_core) for _printf_core
    printf7.o(i.__0fprintf$7) refers to retarget.o(i.fputc) for fputc
    printf7.o(i.__0printf$7) refers to printf7.o(i._printf_core) for _printf_core
    printf7.o(i.__0printf$7) refers to retarget.o(i.fputc) for fputc
    printf7.o(i.__0printf$7) refers to retarget.o(.data) for __stdout
    printf7.o(i.__0snprintf$7) refers to printf7.o(i._printf_core) for _printf_core
    printf7.o(i.__0snprintf$7) refers to printf7.o(i._snputc) for _snputc
    printf7.o(i.__0sprintf$7) refers to printf7.o(i._printf_core) for _printf_core
    printf7.o(i.__0sprintf$7) refers to printf7.o(i._sputc) for _sputc
    printf7.o(i.__0vfprintf$7) refers to printf7.o(i._printf_core) for _printf_core
    printf7.o(i.__0vfprintf$7) refers to retarget.o(i.fputc) for fputc
    printf7.o(i.__0vprintf$7) refers to printf7.o(i._printf_core) for _printf_core
    printf7.o(i.__0vprintf$7) refers to retarget.o(i.fputc) for fputc
    printf7.o(i.__0vprintf$7) refers to retarget.o(.data) for __stdout
    printf7.o(i.__0vsnprintf$7) refers to printf7.o(i._printf_core) for _printf_core
    printf7.o(i.__0vsnprintf$7) refers to printf7.o(i._snputc) for _snputc
    printf7.o(i.__0vsprintf$7) refers to printf7.o(i._printf_core) for _printf_core
    printf7.o(i.__0vsprintf$7) refers to printf7.o(i._sputc) for _sputc
    printf7.o(i._printf_core) refers to printf7.o(i._printf_pre_padding) for _printf_pre_padding
    printf7.o(i._printf_core) refers to uldiv.o(.text) for __aeabi_uldivmod
    printf7.o(i._printf_core) refers to printf7.o(i._printf_post_padding) for _printf_post_padding
    printf8.o(i.__0fprintf$8) refers to printf8.o(i._printf_core) for _printf_core
    printf8.o(i.__0fprintf$8) refers to retarget.o(i.fputc) for fputc
    printf8.o(i.__0printf$8) refers to printf8.o(i._printf_core) for _printf_core
    printf8.o(i.__0printf$8) refers to retarget.o(i.fputc) for fputc
    printf8.o(i.__0printf$8) refers to retarget.o(.data) for __stdout
    printf8.o(i.__0snprintf$8) refers to printf8.o(i._printf_core) for _printf_core
    printf8.o(i.__0snprintf$8) refers to printf8.o(i._snputc) for _snputc
    printf8.o(i.__0sprintf$8) refers to printf8.o(i._printf_core) for _printf_core
    printf8.o(i.__0sprintf$8) refers to printf8.o(i._sputc) for _sputc
    printf8.o(i.__0vfprintf$8) refers to printf8.o(i._printf_core) for _printf_core
    printf8.o(i.__0vfprintf$8) refers to retarget.o(i.fputc) for fputc
    printf8.o(i.__0vprintf$8) refers to printf8.o(i._printf_core) for _printf_core
    printf8.o(i.__0vprintf$8) refers to retarget.o(i.fputc) for fputc
    printf8.o(i.__0vprintf$8) refers to retarget.o(.data) for __stdout
    printf8.o(i.__0vsnprintf$8) refers to printf8.o(i._printf_core) for _printf_core
    printf8.o(i.__0vsnprintf$8) refers to printf8.o(i._snputc) for _snputc
    printf8.o(i.__0vsprintf$8) refers to printf8.o(i._printf_core) for _printf_core
    printf8.o(i.__0vsprintf$8) refers to printf8.o(i._sputc) for _sputc
    printf8.o(i._printf_core) refers to printf8.o(i._printf_pre_padding) for _printf_pre_padding
    printf8.o(i._printf_core) refers to uldiv.o(.text) for __aeabi_uldivmod
    printf8.o(i._printf_core) refers to printf8.o(i._printf_post_padding) for _printf_post_padding
    printfa.o(i.__0fprintf) refers (Special) to iusefp.o(.text) for __I$use$fp
    printfa.o(i.__0fprintf) refers to printfa.o(i._printf_core) for _printf_core
    printfa.o(i.__0fprintf) refers to retarget.o(i.fputc) for fputc
    printfa.o(i.__0printf) refers (Special) to iusefp.o(.text) for __I$use$fp
    printfa.o(i.__0printf) refers to printfa.o(i._printf_core) for _printf_core
    printfa.o(i.__0printf) refers to retarget.o(i.fputc) for fputc
    printfa.o(i.__0printf) refers to retarget.o(.data) for __stdout
    printfa.o(i.__0snprintf) refers (Special) to iusefp.o(.text) for __I$use$fp
    printfa.o(i.__0snprintf) refers to printfa.o(i._printf_core) for _printf_core
    printfa.o(i.__0snprintf) refers to printfa.o(i._snputc) for _snputc
    printfa.o(i.__0sprintf) refers (Special) to iusefp.o(.text) for __I$use$fp
    printfa.o(i.__0sprintf) refers to printfa.o(i._printf_core) for _printf_core
    printfa.o(i.__0sprintf) refers to printfa.o(i._sputc) for _sputc
    printfa.o(i.__0vfprintf) refers (Special) to iusefp.o(.text) for __I$use$fp
    printfa.o(i.__0vfprintf) refers to printfa.o(i._printf_core) for _printf_core
    printfa.o(i.__0vfprintf) refers to retarget.o(i.fputc) for fputc
    printfa.o(i.__0vprintf) refers (Special) to iusefp.o(.text) for __I$use$fp
    printfa.o(i.__0vprintf) refers to printfa.o(i._printf_core) for _printf_core
    printfa.o(i.__0vprintf) refers to retarget.o(i.fputc) for fputc
    printfa.o(i.__0vprintf) refers to retarget.o(.data) for __stdout
    printfa.o(i.__0vsnprintf) refers (Special) to iusefp.o(.text) for __I$use$fp
    printfa.o(i.__0vsnprintf) refers to printfa.o(i._printf_core) for _printf_core
    printfa.o(i.__0vsnprintf) refers to printfa.o(i._snputc) for _snputc
    printfa.o(i.__0vsprintf) refers (Special) to iusefp.o(.text) for __I$use$fp
    printfa.o(i.__0vsprintf) refers to printfa.o(i._printf_core) for _printf_core
    printfa.o(i.__0vsprintf) refers to printfa.o(i._sputc) for _sputc
    printfa.o(i._fp_digits) refers (Special) to iusefp.o(.text) for __I$use$fp
    printfa.o(i._fp_digits) refers to dmul.o(.text) for __aeabi_dmul
    printfa.o(i._fp_digits) refers to ddiv.o(.text) for __aeabi_ddiv
    printfa.o(i._fp_digits) refers to cdrcmple.o(.text) for __aeabi_cdrcmple
    printfa.o(i._fp_digits) refers to dadd.o(.text) for __aeabi_dadd
    printfa.o(i._fp_digits) refers to dfixul.o(.text) for __aeabi_d2ulz
    printfa.o(i._fp_digits) refers to uldiv.o(.text) for __aeabi_uldivmod
    printfa.o(i._printf_core) refers (Special) to iusefp.o(.text) for __I$use$fp
    printfa.o(i._printf_core) refers to printfa.o(i._printf_pre_padding) for _printf_pre_padding
    printfa.o(i._printf_core) refers to uldiv.o(.text) for __aeabi_uldivmod
    printfa.o(i._printf_core) refers to printfa.o(i._printf_post_padding) for _printf_post_padding
    printfa.o(i._printf_core) refers to printfa.o(i._fp_digits) for _fp_digits
    printfa.o(i._printf_core) refers to uidiv.o(.text) for __aeabi_uidivmod
    printfa.o(i._printf_post_padding) refers (Special) to iusefp.o(.text) for __I$use$fp
    printfa.o(i._printf_pre_padding) refers (Special) to iusefp.o(.text) for __I$use$fp
    printfa.o(i._snputc) refers (Special) to iusefp.o(.text) for __I$use$fp
    printfa.o(i._sputc) refers (Special) to iusefp.o(.text) for __I$use$fp
    dadd.o(.text) refers (Special) to iusefp.o(.text) for __I$use$fp
    dadd.o(.text) refers to llshl.o(.text) for __aeabi_llsl
    dadd.o(.text) refers to llsshr.o(.text) for __aeabi_lasr
    dadd.o(.text) refers to depilogue.o(.text) for _double_epilogue
    dmul.o(.text) refers (Special) to iusefp.o(.text) for __I$use$fp
    dmul.o(.text) refers to depilogue.o(.text) for _double_epilogue
    ddiv.o(.text) refers (Special) to iusefp.o(.text) for __I$use$fp
    ddiv.o(.text) refers to depilogue.o(.text) for _double_round
    dflti.o(.text) refers (Special) to iusefp.o(.text) for __I$use$fp
    dflti.o(.text) refers to depilogue.o(.text) for _double_epilogue
    dfixi.o(.text) refers (Special) to iusefp.o(.text) for __I$use$fp
    dfixi.o(.text) refers to llushr.o(.text) for __aeabi_llsr
    cdcmple.o(.text) refers (Special) to iusefp.o(.text) for __I$use$fp
    cdrcmple.o(.text) refers (Special) to iusefp.o(.text) for __I$use$fp
    cos_i.o(i.__kernel_cos) refers (Special) to iusefp.o(.text) for __I$use$fp
    cos_i.o(i.__kernel_cos) refers to dfixi.o(.text) for __aeabi_d2iz
    cos_i.o(i.__kernel_cos) refers to dmul.o(.text) for __aeabi_dmul
    cos_i.o(i.__kernel_cos) refers to poly.o(i.__kernel_poly) for __kernel_poly
    cos_i.o(i.__kernel_cos) refers to dadd.o(.text) for __aeabi_dsub
    cos_i.o(i.__kernel_cos) refers to cos_i.o(.constdata) for .constdata
    cos_i.o(.constdata) refers (Special) to iusefp.o(.text) for __I$use$fp
    dunder.o(i.__mathlib_dbl_divzero) refers to ddiv.o(.text) for __aeabi_ddiv
    dunder.o(i.__mathlib_dbl_infnan) refers to dadd.o(.text) for __aeabi_dadd
    dunder.o(i.__mathlib_dbl_infnan2) refers to dadd.o(.text) for __aeabi_dadd
    dunder.o(i.__mathlib_dbl_invalid) refers to ddiv.o(.text) for __aeabi_ddiv
    dunder.o(i.__mathlib_dbl_overflow) refers to dmul.o(.text) for __aeabi_dmul
    dunder.o(i.__mathlib_dbl_posinfnan) refers to dmul.o(.text) for __aeabi_dmul
    dunder.o(i.__mathlib_dbl_underflow) refers to dmul.o(.text) for __aeabi_dmul
    rred.o(i.__ieee754_rem_pio2) refers (Special) to iusefp.o(.text) for __I$use$fp
    rred.o(i.__ieee754_rem_pio2) refers to dadd.o(.text) for __aeabi_dsub
    rred.o(i.__ieee754_rem_pio2) refers to fabs.o(i.fabs) for fabs
    rred.o(i.__ieee754_rem_pio2) refers to dmul.o(.text) for __aeabi_dmul
    rred.o(i.__ieee754_rem_pio2) refers to dfixi.o(.text) for __aeabi_d2iz
    rred.o(i.__ieee754_rem_pio2) refers to dflti.o(.text) for __aeabi_i2d
    rred.o(i.__ieee754_rem_pio2) refers to dfltui.o(.text) for __aeabi_ui2d
    rred.o(i.__ieee754_rem_pio2) refers to rred.o(.constdata) for .constdata
    rred.o(i.__use_accurate_range_reduction) refers (Special) to iusefp.o(.text) for __I$use$fp
    rred.o(.constdata) refers (Special) to iusefp.o(.text) for __I$use$fp
    sin_i.o(i.__kernel_sin) refers (Special) to iusefp.o(.text) for __I$use$fp
    sin_i.o(i.__kernel_sin) refers to fpclassify.o(i.__ARM_fpclassify) for __ARM_fpclassify
    sin_i.o(i.__kernel_sin) refers to dunder.o(i.__mathlib_dbl_underflow) for __mathlib_dbl_underflow
    sin_i.o(i.__kernel_sin) refers to dmul.o(.text) for __aeabi_dmul
    sin_i.o(i.__kernel_sin) refers to poly.o(i.__kernel_poly) for __kernel_poly
    sin_i.o(i.__kernel_sin) refers to dadd.o(.text) for __aeabi_dsub
    sin_i.o(i.__kernel_sin) refers to sin_i.o(.constdata) for .constdata
    sin_i.o(.constdata) refers (Special) to iusefp.o(.text) for __I$use$fp
    sin_i_x.o(i.____kernel_sin$lsc) refers (Special) to iusefp.o(.text) for __I$use$fp
    sin_i_x.o(i.____kernel_sin$lsc) refers to dmul.o(.text) for __aeabi_dmul
    sin_i_x.o(i.____kernel_sin$lsc) refers to poly.o(i.__kernel_poly) for __kernel_poly
    sin_i_x.o(i.____kernel_sin$lsc) refers to dadd.o(.text) for __aeabi_dsub
    sin_i_x.o(i.____kernel_sin$lsc) refers to sin_i_x.o(.constdata) for .constdata
    sin_i_x.o(.constdata) refers (Special) to iusefp.o(.text) for __I$use$fp
    entry2.o(.ARM.Collect$$$$00000001) refers to entry2.o(.ARM.Collect$$$$00002712) for __lit__00000000
    entry2.o(.ARM.Collect$$$$00002712) refers to startup_stm32f40_41xxx.o(STACK) for __initial_sp
    entry2.o(__vectab_stack_and_reset_area) refers to startup_stm32f40_41xxx.o(STACK) for __initial_sp
    entry2.o(__vectab_stack_and_reset_area) refers to entry.o(.ARM.Collect$$$$00000000) for __main
    entry5.o(.ARM.Collect$$$$00000004) refers to init.o(.text) for __scatterload
    entry9a.o(.ARM.Collect$$$$0000000B) refers to main.o(i.main) for main
    entry9b.o(.ARM.Collect$$$$0000000C) refers to main.o(i.main) for main
    uldiv.o(.text) refers to llushr.o(.text) for __aeabi_llsr
    uldiv.o(.text) refers to llshl.o(.text) for __aeabi_llsl
    errno.o(i.__aeabi_errno_addr) refers to errno.o(.data) for .data
    errno.o(i.__read_errno) refers to errno.o(.data) for .data
    errno.o(i.__set_errno) refers to errno.o(.data) for .data
    depilogue.o(.text) refers to llshl.o(.text) for __aeabi_llsl
    depilogue.o(.text) refers to llushr.o(.text) for __aeabi_llsr
    dfixul.o(.text) refers to llushr.o(.text) for __aeabi_llsr
    dfixul.o(.text) refers to llshl.o(.text) for __aeabi_llsl
    fpclassify.o(i.__ARM_fpclassify) refers (Special) to iusefp.o(.text) for __I$use$fp
    poly.o(i.__kernel_poly) refers (Special) to iusefp.o(.text) for __I$use$fp
    poly.o(i.__kernel_poly) refers to dmul.o(.text) for __aeabi_dmul
    poly.o(i.__kernel_poly) refers to dadd.o(.text) for __aeabi_dadd
    init.o(.text) refers to entry5.o(.ARM.Collect$$$$00000004) for __main_after_scatterload
    dfltui.o(.text) refers to depilogue.o(.text) for _double_epilogue


==============================================================================

Removing Unused input sections from the image.

    Removing main.o(.rev16_text), (4 bytes).
    Removing main.o(.revsh_text), (4 bytes).
    Removing main.o(i.TIM_delay_us), (24 bytes).
    Removing keypad.o(i.Clear_Line), (38 bytes).
    Removing keypad.o(i.Display_value), (88 bytes).
    Removing keypad.o(i.Get_Touch_Pad_Input), (220 bytes).
    Removing keypad.o(i.Make_Touch_Pad), (1348 bytes).
    Removing core_cm3.o(.emb_text), (32 bytes).
    Removing misc.o(.rev16_text), (4 bytes).
    Removing misc.o(.revsh_text), (4 bytes).
    Removing misc.o(i.NVIC_SetVectorTable), (20 bytes).
    Removing misc.o(i.NVIC_SystemLPConfig), (32 bytes).
    Removing misc.o(i.SysTick_CLKSourceConfig), (40 bytes).
    Removing stm32f4xx_gpio.o(.rev16_text), (4 bytes).
    Removing stm32f4xx_gpio.o(.revsh_text), (4 bytes).
    Removing stm32f4xx_gpio.o(i.GPIO_DeInit), (312 bytes).
    Removing stm32f4xx_gpio.o(i.GPIO_PinLockConfig), (34 bytes).
    Removing stm32f4xx_gpio.o(i.GPIO_ReadInputData), (8 bytes).
    Removing stm32f4xx_gpio.o(i.GPIO_ReadInputDataBit), (18 bytes).
    Removing stm32f4xx_gpio.o(i.GPIO_ReadOutputData), (8 bytes).
    Removing stm32f4xx_gpio.o(i.GPIO_ReadOutputDataBit), (18 bytes).
    Removing stm32f4xx_gpio.o(i.GPIO_ResetBits), (4 bytes).
    Removing stm32f4xx_gpio.o(i.GPIO_SetBits), (4 bytes).
    Removing stm32f4xx_gpio.o(i.GPIO_StructInit), (18 bytes).
    Removing stm32f4xx_gpio.o(i.GPIO_ToggleBits), (8 bytes).
    Removing stm32f4xx_gpio.o(i.GPIO_Write), (4 bytes).
    Removing stm32f4xx_gpio.o(i.GPIO_WriteBit), (10 bytes).
    Removing stm32f4xx_rcc.o(.rev16_text), (4 bytes).
    Removing stm32f4xx_rcc.o(.revsh_text), (4 bytes).
    Removing stm32f4xx_rcc.o(i.RCC_AHB1PeriphClockLPModeCmd), (32 bytes).
    Removing stm32f4xx_rcc.o(i.RCC_AHB1PeriphResetCmd), (32 bytes).
    Removing stm32f4xx_rcc.o(i.RCC_AHB2PeriphClockCmd), (32 bytes).
    Removing stm32f4xx_rcc.o(i.RCC_AHB2PeriphClockLPModeCmd), (32 bytes).
    Removing stm32f4xx_rcc.o(i.RCC_AHB2PeriphResetCmd), (32 bytes).
    Removing stm32f4xx_rcc.o(i.RCC_AHB3PeriphClockCmd), (32 bytes).
    Removing stm32f4xx_rcc.o(i.RCC_AHB3PeriphClockLPModeCmd), (32 bytes).
    Removing stm32f4xx_rcc.o(i.RCC_AHB3PeriphResetCmd), (32 bytes).
    Removing stm32f4xx_rcc.o(i.RCC_APB1PeriphClockLPModeCmd), (32 bytes).
    Removing stm32f4xx_rcc.o(i.RCC_APB2PeriphClockLPModeCmd), (32 bytes).
    Removing stm32f4xx_rcc.o(i.RCC_APB2PeriphResetCmd), (32 bytes).
    Removing stm32f4xx_rcc.o(i.RCC_AdjustHSICalibrationValue), (24 bytes).
    Removing stm32f4xx_rcc.o(i.RCC_BackupResetCmd), (12 bytes).
    Removing stm32f4xx_rcc.o(i.RCC_ClearFlag), (20 bytes).
    Removing stm32f4xx_rcc.o(i.RCC_ClearITPendingBit), (12 bytes).
    Removing stm32f4xx_rcc.o(i.RCC_ClockSecuritySystemCmd), (12 bytes).
    Removing stm32f4xx_rcc.o(i.RCC_DeInit), (100 bytes).
    Removing stm32f4xx_rcc.o(i.RCC_GetFlagStatus), (64 bytes).
    Removing stm32f4xx_rcc.o(i.RCC_GetITStatus), (24 bytes).
    Removing stm32f4xx_rcc.o(i.RCC_GetSYSCLKSource), (16 bytes).
    Removing stm32f4xx_rcc.o(i.RCC_HCLKConfig), (24 bytes).
    Removing stm32f4xx_rcc.o(i.RCC_HSEConfig), (16 bytes).
    Removing stm32f4xx_rcc.o(i.RCC_HSICmd), (12 bytes).
    Removing stm32f4xx_rcc.o(i.RCC_I2SCLKConfig), (12 bytes).
    Removing stm32f4xx_rcc.o(i.RCC_ITConfig), (32 bytes).
    Removing stm32f4xx_rcc.o(i.RCC_LSEConfig), (44 bytes).
    Removing stm32f4xx_rcc.o(i.RCC_LSICmd), (12 bytes).
    Removing stm32f4xx_rcc.o(i.RCC_LTDCCLKDivConfig), (24 bytes).
    Removing stm32f4xx_rcc.o(i.RCC_MCO1Config), (28 bytes).
    Removing stm32f4xx_rcc.o(i.RCC_MCO2Config), (28 bytes).
    Removing stm32f4xx_rcc.o(i.RCC_PCLK1Config), (24 bytes).
    Removing stm32f4xx_rcc.o(i.RCC_PCLK2Config), (24 bytes).
    Removing stm32f4xx_rcc.o(i.RCC_PLLCmd), (12 bytes).
    Removing stm32f4xx_rcc.o(i.RCC_PLLConfig), (36 bytes).
    Removing stm32f4xx_rcc.o(i.RCC_PLLI2SCmd), (12 bytes).
    Removing stm32f4xx_rcc.o(i.RCC_PLLI2SConfig), (16 bytes).
    Removing stm32f4xx_rcc.o(i.RCC_PLLSAICmd), (12 bytes).
    Removing stm32f4xx_rcc.o(i.RCC_PLLSAIConfig), (24 bytes).
    Removing stm32f4xx_rcc.o(i.RCC_RTCCLKCmd), (12 bytes).
    Removing stm32f4xx_rcc.o(i.RCC_RTCCLKConfig), (60 bytes).
    Removing stm32f4xx_rcc.o(i.RCC_SAIBlockACLKConfig), (24 bytes).
    Removing stm32f4xx_rcc.o(i.RCC_SAIBlockBCLKConfig), (24 bytes).
    Removing stm32f4xx_rcc.o(i.RCC_SAIPLLI2SClkDivConfig), (28 bytes).
    Removing stm32f4xx_rcc.o(i.RCC_SAIPLLSAIClkDivConfig), (28 bytes).
    Removing stm32f4xx_rcc.o(i.RCC_SYSCLKConfig), (24 bytes).
    Removing stm32f4xx_rcc.o(i.RCC_TIMCLKPresConfig), (12 bytes).
    Removing stm32f4xx_rcc.o(i.RCC_WaitForHSEStartUp), (56 bytes).
    Removing stm32f4xx_usart.o(.rev16_text), (4 bytes).
    Removing stm32f4xx_usart.o(.revsh_text), (4 bytes).
    Removing stm32f4xx_usart.o(i.USART_ClearFlag), (18 bytes).
    Removing stm32f4xx_usart.o(i.USART_ClearITPendingBit), (30 bytes).
    Removing stm32f4xx_usart.o(i.USART_ClockInit), (32 bytes).
    Removing stm32f4xx_usart.o(i.USART_ClockStructInit), (12 bytes).
    Removing stm32f4xx_usart.o(i.USART_DMACmd), (18 bytes).
    Removing stm32f4xx_usart.o(i.USART_DeInit), (240 bytes).
    Removing stm32f4xx_usart.o(i.USART_GetFlagStatus), (26 bytes).
    Removing stm32f4xx_usart.o(i.USART_GetITStatus), (84 bytes).
    Removing stm32f4xx_usart.o(i.USART_HalfDuplexCmd), (24 bytes).
    Removing stm32f4xx_usart.o(i.USART_ITConfig), (74 bytes).
    Removing stm32f4xx_usart.o(i.USART_IrDACmd), (24 bytes).
    Removing stm32f4xx_usart.o(i.USART_IrDAConfig), (18 bytes).
    Removing stm32f4xx_usart.o(i.USART_LINBreakDetectLengthConfig), (18 bytes).
    Removing stm32f4xx_usart.o(i.USART_LINCmd), (24 bytes).
    Removing stm32f4xx_usart.o(i.USART_OneBitMethodCmd), (24 bytes).
    Removing stm32f4xx_usart.o(i.USART_ReceiveData), (10 bytes).
    Removing stm32f4xx_usart.o(i.USART_ReceiverWakeUpCmd), (24 bytes).
    Removing stm32f4xx_usart.o(i.USART_SendBreak), (10 bytes).
    Removing stm32f4xx_usart.o(i.USART_SendData), (8 bytes).
    Removing stm32f4xx_usart.o(i.USART_SetAddress), (18 bytes).
    Removing stm32f4xx_usart.o(i.USART_SetGuardTime), (16 bytes).
    Removing stm32f4xx_usart.o(i.USART_SetPrescaler), (16 bytes).
    Removing stm32f4xx_usart.o(i.USART_SmartCardCmd), (24 bytes).
    Removing stm32f4xx_usart.o(i.USART_SmartCardNACKCmd), (24 bytes).
    Removing stm32f4xx_usart.o(i.USART_StructInit), (24 bytes).
    Removing stm32f4xx_usart.o(i.USART_WakeUpConfig), (18 bytes).
    Removing startup_stm32f40_41xxx.o(HEAP), (512 bytes).
    Removing system_stm32f4xx.o(.rev16_text), (4 bytes).
    Removing system_stm32f4xx.o(.revsh_text), (4 bytes).
    Removing system_stm32f4xx.o(i.SystemCoreClockUpdate), (192 bytes).
    Removing system_stm32f4xx.o(.data), (20 bytes).
    Removing stm32f4xx_i2c.o(.rev16_text), (4 bytes).
    Removing stm32f4xx_i2c.o(.revsh_text), (4 bytes).
    Removing stm32f4xx_i2c.o(i.I2C_ARPCmd), (24 bytes).
    Removing stm32f4xx_i2c.o(i.I2C_AcknowledgeConfig), (24 bytes).
    Removing stm32f4xx_i2c.o(i.I2C_AnalogFilterCmd), (24 bytes).
    Removing stm32f4xx_i2c.o(i.I2C_CalculatePEC), (24 bytes).
    Removing stm32f4xx_i2c.o(i.I2C_ClearFlag), (12 bytes).
    Removing stm32f4xx_i2c.o(i.I2C_ClearITPendingBit), (12 bytes).
    Removing stm32f4xx_i2c.o(i.I2C_DMACmd), (24 bytes).
    Removing stm32f4xx_i2c.o(i.I2C_DMALastTransferCmd), (24 bytes).
    Removing stm32f4xx_i2c.o(i.I2C_DeInit), (96 bytes).
    Removing stm32f4xx_i2c.o(i.I2C_DigitalFilterConfig), (22 bytes).
    Removing stm32f4xx_i2c.o(i.I2C_DualAddressCmd), (24 bytes).
    Removing stm32f4xx_i2c.o(i.I2C_FastModeDutyCycleConfig), (28 bytes).
    Removing stm32f4xx_i2c.o(i.I2C_GeneralCallCmd), (24 bytes).
    Removing stm32f4xx_i2c.o(i.I2C_GetFlagStatus), (58 bytes).
    Removing stm32f4xx_i2c.o(i.I2C_GetITStatus), (38 bytes).
    Removing stm32f4xx_i2c.o(i.I2C_GetLastEvent), (26 bytes).
    Removing stm32f4xx_i2c.o(i.I2C_GetPEC), (8 bytes).
    Removing stm32f4xx_i2c.o(i.I2C_ITConfig), (18 bytes).
    Removing stm32f4xx_i2c.o(i.I2C_NACKPositionConfig), (28 bytes).
    Removing stm32f4xx_i2c.o(i.I2C_OwnAddress2Config), (22 bytes).
    Removing stm32f4xx_i2c.o(i.I2C_PECPositionConfig), (28 bytes).
    Removing stm32f4xx_i2c.o(i.I2C_ReadRegister), (22 bytes).
    Removing stm32f4xx_i2c.o(i.I2C_SMBusAlertConfig), (28 bytes).
    Removing stm32f4xx_i2c.o(i.I2C_SoftwareResetCmd), (22 bytes).
    Removing stm32f4xx_i2c.o(i.I2C_StretchClockCmd), (24 bytes).
    Removing stm32f4xx_i2c.o(i.I2C_StructInit), (30 bytes).
    Removing stm32f4xx_i2c.o(i.I2C_TransmitPEC), (24 bytes).
    Removing ce_lib.o(.rev16_text), (4 bytes).
    Removing ce_lib.o(.revsh_text), (4 bytes).
    Removing ce_lib.o(i.Delay), (24 bytes).
    Removing ce_lib.o(i.TimingDelay_Decrement), (24 bytes).
    Removing ce_lib.o(i.resetLED), (144 bytes).
    Removing ce_lib.o(i.setLED), (144 bytes).
    Removing ce_lib.o(.data), (4 bytes).
    Removing usart.o(.rev16_text), (4 bytes).
    Removing usart.o(.revsh_text), (4 bytes).
    Removing usart.o(i.USART_GetKey), (44 bytes).
    Removing usart.o(i.USART_SendChar), (84 bytes).
    Removing retarget.o(i._sys_exit), (4 bytes).
    Removing retarget.o(i._ttywrch), (20 bytes).
    Removing retarget.o(i.ferror), (8 bytes).
    Removing retarget.o(i.fgetc), (40 bytes).
    Removing retarget.o(i.fputc), (42 bytes).
    Removing retarget.o(.data), (8 bytes).
    Removing tft.o(.rev16_text), (4 bytes).
    Removing tft.o(.revsh_text), (4 bytes).
    Removing tft.o(i.TFT_bargraph_color), (54 bytes).
    Removing tft.o(i.TFT_bargraph_define), (254 bytes).
    Removing tft.o(i.TFT_bargraph_fill_pattern), (38 bytes).
    Removing tft.o(i.TFT_bargraph_frame), (38 bytes).
    Removing tft.o(i.TFT_bargraph_value), (46 bytes).
    Removing tft.o(i.TFT_buzzer_off), (36 bytes).
    Removing tft.o(i.TFT_buzzer_on), (38 bytes).
    Removing tft.o(i.TFT_carriage_return), (10 bytes).
    Removing tft.o(i.TFT_cursor_off), (36 bytes).
    Removing tft.o(i.TFT_cursor_on), (36 bytes).
    Removing tft.o(i.TFT_draw_line), (146 bytes).
    Removing tft.o(i.TFT_draw_rectangle), (146 bytes).
    Removing tft.o(i.TFT_get_data), (396 bytes).
    Removing tft.o(i.TFT_graphic_cls), (30 bytes).
    Removing tft.o(i.TFT_graphic_puts), (166 bytes).
    Removing tft.o(i.TFT_graphic_puts_area), (202 bytes).
    Removing tft.o(i.TFT_graphic_set_point), (98 bytes).
    Removing tft.o(i.TFT_line_color), (46 bytes).
    Removing tft.o(i.TFT_newline), (10 bytes).
    Removing tft.o(i.TFT_release), (2 bytes).
    Removing tft.o(i.TFT_set_brightness), (38 bytes).
    Removing tft.o(i.TFT_set_font), (38 bytes).
    Removing tft.o(i.TFT_set_font_color), (44 bytes).
    Removing tft.o(i.TFT_set_graphic_color), (44 bytes).
    Removing tft.o(i.TFT_set_graphic_text_color), (44 bytes).
    Removing tft.o(i.TFT_set_graphic_text_font), (38 bytes).
    Removing tft.o(i.TFT_set_pixel_color), (44 bytes).
    Removing tft.o(i.TFT_set_window), (78 bytes).
    Removing tft.o(i.TFT_terminal_off), (30 bytes).
    Removing tft.o(i.TFT_touch_area), (176 bytes).
    Removing tft.o(i.TFT_touch_area_clear), (42 bytes).
    Removing tft.o(i.TFT_touch_area_color), (86 bytes).
    Removing tft.o(i.TFT_touch_area_font), (38 bytes).
    Removing tft.o(i.TFT_touch_area_font_color), (46 bytes).
    Removing tft.o(i.TFT_touch_area_frame), (46 bytes).
    Removing dneg.o(.text), (6 bytes).
    Removing dfixul.o(.text), (48 bytes).

194 unused section(s) (total 9288 bytes) removed from the image.

==============================================================================

Image Symbol Table

    Local Symbols

    Symbol Name                              Value     Ov Type        Size  Object(Section)

    ../clib/microlib/division.c              0x00000000   Number         0  uldiv.o ABSOLUTE
    ../clib/microlib/division.c              0x00000000   Number         0  uidiv.o ABSOLUTE
    ../clib/microlib/errno.c                 0x00000000   Number         0  errno.o ABSOLUTE
    ../clib/microlib/init/entry.s            0x00000000   Number         0  entry10b.o ABSOLUTE
    ../clib/microlib/init/entry.s            0x00000000   Number         0  entry.o ABSOLUTE
    ../clib/microlib/init/entry.s            0x00000000   Number         0  entry5.o ABSOLUTE
    ../clib/microlib/init/entry.s            0x00000000   Number         0  entry9a.o ABSOLUTE
    ../clib/microlib/init/entry.s            0x00000000   Number         0  entry9b.o ABSOLUTE
    ../clib/microlib/init/entry.s            0x00000000   Number         0  entry2.o ABSOLUTE
    ../clib/microlib/init/entry.s            0x00000000   Number         0  entry11b.o ABSOLUTE
    ../clib/microlib/init/entry.s            0x00000000   Number         0  entry11a.o ABSOLUTE
    ../clib/microlib/init/entry.s            0x00000000   Number         0  entry10a.o ABSOLUTE
    ../clib/microlib/init/entry.s            0x00000000   Number         0  entry8b.o ABSOLUTE
    ../clib/microlib/init/entry.s            0x00000000   Number         0  entry8a.o ABSOLUTE
    ../clib/microlib/init/entry.s            0x00000000   Number         0  entry7b.o ABSOLUTE
    ../clib/microlib/init/entry.s            0x00000000   Number         0  entry7a.o ABSOLUTE
    ../clib/microlib/longlong.c              0x00000000   Number         0  llushr.o ABSOLUTE
    ../clib/microlib/longlong.c              0x00000000   Number         0  llshl.o ABSOLUTE
    ../clib/microlib/longlong.c              0x00000000   Number         0  llsshr.o ABSOLUTE
    ../clib/microlib/printf/printf.c         0x00000000   Number         0  printf0.o ABSOLUTE
    ../clib/microlib/printf/printf.c         0x00000000   Number         0  printfb.o ABSOLUTE
    ../clib/microlib/printf/printf.c         0x00000000   Number         0  printfa.o ABSOLUTE
    ../clib/microlib/printf/printf.c         0x00000000   Number         0  printf1.o ABSOLUTE
    ../clib/microlib/printf/printf.c         0x00000000   Number         0  printf8.o ABSOLUTE
    ../clib/microlib/printf/printf.c         0x00000000   Number         0  printf7.o ABSOLUTE
    ../clib/microlib/printf/printf.c         0x00000000   Number         0  printf3.o ABSOLUTE
    ../clib/microlib/printf/printf.c         0x00000000   Number         0  printf6.o ABSOLUTE
    ../clib/microlib/printf/printf.c         0x00000000   Number         0  printf5.o ABSOLUTE
    ../clib/microlib/printf/printf.c         0x00000000   Number         0  printf4.o ABSOLUTE
    ../clib/microlib/printf/printf.c         0x00000000   Number         0  printf2.o ABSOLUTE
    ../clib/microlib/printf/stubs.s          0x00000000   Number         0  stubs.o ABSOLUTE
    ../clib/microlib/string/strlen.c         0x00000000   Number         0  strlen.o ABSOLUTE
    ../clib/microlib/stubs.s                 0x00000000   Number         0  iusefp.o ABSOLUTE
    ../fplib/microlib/fpadd.c                0x00000000   Number         0  dadd.o ABSOLUTE
    ../fplib/microlib/fpdiv.c                0x00000000   Number         0  ddiv.o ABSOLUTE
    ../fplib/microlib/fpepilogue.c           0x00000000   Number         0  depilogue.o ABSOLUTE
    ../fplib/microlib/fpfix.c                0x00000000   Number         0  dfixi.o ABSOLUTE
    ../fplib/microlib/fpfix.c                0x00000000   Number         0  dfixul.o ABSOLUTE
    ../fplib/microlib/fpflt.c                0x00000000   Number         0  dfltui.o ABSOLUTE
    ../fplib/microlib/fpflt.c                0x00000000   Number         0  dflti.o ABSOLUTE
    ../fplib/microlib/fpmul.c                0x00000000   Number         0  dmul.o ABSOLUTE
    ../fplib/microlib/fpneg.c                0x00000000   Number         0  dneg.o ABSOLUTE
    ../mathlib/cos_i.c                       0x00000000   Number         0  cos_i.o ABSOLUTE
    ../mathlib/dunder.c                      0x00000000   Number         0  dunder.o ABSOLUTE
    ../mathlib/fabs.c                        0x00000000   Number         0  fabs.o ABSOLUTE
    ../mathlib/fpclassify.c                  0x00000000   Number         0  fpclassify.o ABSOLUTE
    ../mathlib/modf.c                        0x00000000   Number         0  modf.o ABSOLUTE
    ../mathlib/poly.c                        0x00000000   Number         0  poly.o ABSOLUTE
    ../mathlib/rred.c                        0x00000000   Number         0  rred.o ABSOLUTE
    ../mathlib/sin.c                         0x00000000   Number         0  sin_x.o ABSOLUTE
    ../mathlib/sin.c                         0x00000000   Number         0  sin.o ABSOLUTE
    ../mathlib/sin_i.c                       0x00000000   Number         0  sin_i_x.o ABSOLUTE
    ../mathlib/sin_i.c                       0x00000000   Number         0  sin_i.o ABSOLUTE
    Libraries\CMSIS\CM3\CoreSupport\core_cm3.c 0x00000000   Number         0  core_cm3.o ABSOLUTE
    Libraries\Device\startup_stm32f40_41xxx.s 0x00000000   Number         0  startup_stm32f40_41xxx.o ABSOLUTE
    Libraries\Device\system_stm32f4xx.c      0x00000000   Number         0  system_stm32f4xx.o ABSOLUTE
    Libraries\StdPeriph_Driver\src\misc.c    0x00000000   Number         0  misc.o ABSOLUTE
    Libraries\StdPeriph_Driver\src\stm32f4xx_gpio.c 0x00000000   Number         0  stm32f4xx_gpio.o ABSOLUTE
    Libraries\StdPeriph_Driver\src\stm32f4xx_i2c.c 0x00000000   Number         0  stm32f4xx_i2c.o ABSOLUTE
    Libraries\StdPeriph_Driver\src\stm32f4xx_rcc.c 0x00000000   Number         0  stm32f4xx_rcc.o ABSOLUTE
    Libraries\StdPeriph_Driver\src\stm32f4xx_usart.c 0x00000000   Number         0  stm32f4xx_usart.o ABSOLUTE
    Libraries\TiLib\CE_Lib.c                 0x00000000   Number         0  ce_lib.o ABSOLUTE
    Libraries\TiLib\Retarget.c               0x00000000   Number         0  retarget.o ABSOLUTE
    Libraries\TiLib\Usart.c                  0x00000000   Number         0  usart.o ABSOLUTE
    Libraries\TiLib\tft.c                    0x00000000   Number         0  tft.o ABSOLUTE
    Libraries\\CMSIS\\CM3\\CoreSupport\\core_cm3.c 0x00000000   Number         0  core_cm3.o ABSOLUTE
    Libraries\\Device\\system_stm32f4xx.c    0x00000000   Number         0  system_stm32f4xx.o ABSOLUTE
    Libraries\\StdPeriph_Driver\\src\\misc.c 0x00000000   Number         0  misc.o ABSOLUTE
    Libraries\\StdPeriph_Driver\\src\\stm32f4xx_gpio.c 0x00000000   Number         0  stm32f4xx_gpio.o ABSOLUTE
    Libraries\\StdPeriph_Driver\\src\\stm32f4xx_i2c.c 0x00000000   Number         0  stm32f4xx_i2c.o ABSOLUTE
    Libraries\\StdPeriph_Driver\\src\\stm32f4xx_rcc.c 0x00000000   Number         0  stm32f4xx_rcc.o ABSOLUTE
    Libraries\\StdPeriph_Driver\\src\\stm32f4xx_usart.c 0x00000000   Number         0  stm32f4xx_usart.o ABSOLUTE
    Libraries\\TiLib\\CE_Lib.c               0x00000000   Number         0  ce_lib.o ABSOLUTE
    Libraries\\TiLib\\Usart.c                0x00000000   Number         0  usart.o ABSOLUTE
    Libraries\\TiLib\\tft.c                  0x00000000   Number         0  tft.o ABSOLUTE
    Project\\main.c                          0x00000000   Number         0  main.o ABSOLUTE
    Project\keypad.c                         0x00000000   Number         0  keypad.o ABSOLUTE
    Project\main.c                           0x00000000   Number         0  main.o ABSOLUTE
    cdcmple.s                                0x00000000   Number         0  cdcmple.o ABSOLUTE
    cdrcmple.s                               0x00000000   Number         0  cdrcmple.o ABSOLUTE
    dc.s                                     0x00000000   Number         0  dc.o ABSOLUTE
    handlers.s                               0x00000000   Number         0  handlers.o ABSOLUTE
    init.s                                   0x00000000   Number         0  init.o ABSOLUTE
    RESET                                    0x08000000   Section      392  startup_stm32f40_41xxx.o(RESET)
    .ARM.Collect$$$$00000000                 0x08000188   Section        0  entry.o(.ARM.Collect$$$$00000000)
    .ARM.Collect$$$$00000001                 0x08000188   Section        4  entry2.o(.ARM.Collect$$$$00000001)
    .ARM.Collect$$$$00000004                 0x0800018c   Section        4  entry5.o(.ARM.Collect$$$$00000004)
    .ARM.Collect$$$$00000008                 0x08000190   Section        0  entry7b.o(.ARM.Collect$$$$00000008)
    .ARM.Collect$$$$0000000A                 0x08000190   Section        0  entry8b.o(.ARM.Collect$$$$0000000A)
    .ARM.Collect$$$$0000000B                 0x08000190   Section        8  entry9a.o(.ARM.Collect$$$$0000000B)
    .ARM.Collect$$$$0000000D                 0x08000198   Section        0  entry10a.o(.ARM.Collect$$$$0000000D)
    .ARM.Collect$$$$0000000F                 0x08000198   Section        0  entry11a.o(.ARM.Collect$$$$0000000F)
    .ARM.Collect$$$$00002712                 0x08000198   Section        4  entry2.o(.ARM.Collect$$$$00002712)
    __lit__00000000                          0x08000198   Data           4  entry2.o(.ARM.Collect$$$$00002712)
    .text                                    0x0800019c   Section       36  startup_stm32f40_41xxx.o(.text)
    $v0                                      0x0800019c   Number         0  startup_stm32f40_41xxx.o(.text)
    .text                                    0x080001c0   Section        0  strlen.o(.text)
    .text                                    0x080001ce   Section        0  dadd.o(.text)
    .text                                    0x0800031c   Section        0  dmul.o(.text)
    .text                                    0x08000400   Section        0  ddiv.o(.text)
    .text                                    0x080004de   Section        0  dflti.o(.text)
    .text                                    0x08000500   Section        0  dfixi.o(.text)
    .text                                    0x08000540   Section       48  cdcmple.o(.text)
    .text                                    0x08000570   Section       48  cdrcmple.o(.text)
    .text                                    0x080005a0   Section        0  llshl.o(.text)
    .text                                    0x080005be   Section        0  llushr.o(.text)
    .text                                    0x080005de   Section        0  llsshr.o(.text)
    .text                                    0x08000602   Section        0  depilogue.o(.text)
    .text                                    0x08000602   Section        0  iusefp.o(.text)
    .text                                    0x080006bc   Section       36  init.o(.text)
    .text                                    0x080006e0   Section        0  dfltui.o(.text)
    i.EXTI9_5_IRQHandler                     0x080006fc   Section        0  main.o(i.EXTI9_5_IRQHandler)
    i.GPIO_Init                              0x080007a4   Section        0  stm32f4xx_gpio.o(i.GPIO_Init)
    i.GPIO_PinAFConfig                       0x08000834   Section        0  stm32f4xx_gpio.o(i.GPIO_PinAFConfig)
    i.I2C_CheckEvent                         0x0800087a   Section        0  stm32f4xx_i2c.o(i.I2C_CheckEvent)
    i.I2C_Cmd                                0x080008a4   Section        0  stm32f4xx_i2c.o(i.I2C_Cmd)
    i.I2C_GenerateSTART                      0x080008bc   Section        0  stm32f4xx_i2c.o(i.I2C_GenerateSTART)
    i.I2C_GenerateSTOP                       0x080008d4   Section        0  stm32f4xx_i2c.o(i.I2C_GenerateSTOP)
    i.I2C_Init                               0x080008ec   Section        0  stm32f4xx_i2c.o(i.I2C_Init)
    i.I2C_ReceiveData                        0x080009d4   Section        0  stm32f4xx_i2c.o(i.I2C_ReceiveData)
    i.I2C_Send7bitAddress                    0x080009dc   Section        0  stm32f4xx_i2c.o(i.I2C_Send7bitAddress)
    i.I2C_SendData                           0x080009ec   Section        0  stm32f4xx_i2c.o(i.I2C_SendData)
    i.NVIC_EnableIRQ                         0x080009f0   Section        0  main.o(i.NVIC_EnableIRQ)
    NVIC_EnableIRQ                           0x080009f1   Thumb Code    22  main.o(i.NVIC_EnableIRQ)
    i.NVIC_Init                              0x08000a08   Section        0  misc.o(i.NVIC_Init)
    i.NVIC_PriorityGroupConfig               0x08000a80   Section        0  misc.o(i.NVIC_PriorityGroupConfig)
    i.NVIC_SetPriority                       0x08000a94   Section        0  main.o(i.NVIC_SetPriority)
    NVIC_SetPriority                         0x08000a95   Thumb Code    32  main.o(i.NVIC_SetPriority)
    i.RCC_AHB1PeriphClockCmd                 0x08000abc   Section        0  stm32f4xx_rcc.o(i.RCC_AHB1PeriphClockCmd)
    i.RCC_APB1PeriphClockCmd                 0x08000adc   Section        0  stm32f4xx_rcc.o(i.RCC_APB1PeriphClockCmd)
    i.RCC_APB1PeriphResetCmd                 0x08000afc   Section        0  stm32f4xx_rcc.o(i.RCC_APB1PeriphResetCmd)
    i.RCC_APB2PeriphClockCmd                 0x08000b1c   Section        0  stm32f4xx_rcc.o(i.RCC_APB2PeriphClockCmd)
    i.RCC_GetClocksFreq                      0x08000b3c   Section        0  stm32f4xx_rcc.o(i.RCC_GetClocksFreq)
    i.SetSysClock                            0x08000c24   Section        0  system_stm32f4xx.o(i.SetSysClock)
    SetSysClock                              0x08000c25   Thumb Code   220  system_stm32f4xx.o(i.SetSysClock)
    i.SystemInit                             0x08000d10   Section        0  system_stm32f4xx.o(i.SystemInit)
    i.TFT_Init                               0x08000d78   Section        0  tft.o(i.TFT_Init)
    i.TFT_cls                                0x08000e3c   Section        0  tft.o(i.TFT_cls)
    i.TFT_gotoxy                             0x08000e46   Section        0  tft.o(i.TFT_gotoxy)
    i.TFT_putc                               0x08000e74   Section        0  tft.o(i.TFT_putc)
    i.TFT_puts                               0x08000e92   Section        0  tft.o(i.TFT_puts)
    i.TFT_send_data                          0x08000ea8   Section        0  tft.o(i.TFT_send_data)
    i.TFT_terminal_on                        0x08000fdc   Section        0  tft.o(i.TFT_terminal_on)
    i.TIM8_UP_TIM13_IRQHandler               0x08000ffc   Section        0  main.o(i.TIM8_UP_TIM13_IRQHandler)
    i.TIM_delay_init                         0x080010b0   Section        0  main.o(i.TIM_delay_init)
    i.USART6_IRQHandler                      0x080010d0   Section        0  usart.o(i.USART6_IRQHandler)
    i.USART_Buffer_Init                      0x08001174   Section        0  usart.o(i.USART_Buffer_Init)
    i.USART_Cmd                              0x08001198   Section        0  stm32f4xx_usart.o(i.USART_Cmd)
    i.USART_Device_Init                      0x080011b0   Section        0  usart.o(i.USART_Device_Init)
    i.USART_Init                             0x08001280   Section        0  stm32f4xx_usart.o(i.USART_Init)
    i.USART_OverSampling8Cmd                 0x08001354   Section        0  stm32f4xx_usart.o(i.USART_OverSampling8Cmd)
    i.__ARM_fpclassify                       0x0800136a   Section        0  fpclassify.o(i.__ARM_fpclassify)
    i.__hardfp_fabs                          0x0800139a   Section        0  fabs.o(i.__hardfp_fabs)
    i.__hardfp_modf                          0x080013b0   Section        0  modf.o(i.__hardfp_modf)
    i.__hardfp_sin                           0x08001480   Section        0  sin.o(i.__hardfp_sin)
    i.__ieee754_rem_pio2                     0x08001548   Section        0  rred.o(i.__ieee754_rem_pio2)
    i.__kernel_cos                           0x08001980   Section        0  cos_i.o(i.__kernel_cos)
    i.__kernel_poly                          0x08001af0   Section        0  poly.o(i.__kernel_poly)
    i.__kernel_sin                           0x08001be8   Section        0  sin_i.o(i.__kernel_sin)
    i.__mathlib_dbl_infnan                   0x08001d18   Section        0  dunder.o(i.__mathlib_dbl_infnan)
    i.__mathlib_dbl_invalid                  0x08001d30   Section        0  dunder.o(i.__mathlib_dbl_invalid)
    i.__mathlib_dbl_underflow                0x08001d50   Section        0  dunder.o(i.__mathlib_dbl_underflow)
    i.__scatterload_copy                     0x08001d70   Section       14  handlers.o(i.__scatterload_copy)
    i.__scatterload_null                     0x08001d7e   Section        2  handlers.o(i.__scatterload_null)
    i.__scatterload_zeroinit                 0x08001d80   Section       14  handlers.o(i.__scatterload_zeroinit)
    i.__set_errno                            0x08001d90   Section        0  errno.o(i.__set_errno)
    i.display_status                         0x08001d9c   Section        0  main.o(i.display_status)
    i.fabs                                   0x08001e14   Section        0  fabs.o(i.fabs)
    i.initCEP_Board                          0x08001e2c   Section        0  ce_lib.o(i.initCEP_Board)
    i.initIO                                 0x08001e40   Section        0  ce_lib.o(i.initIO)
    i.main                                   0x08001f14   Section        0  main.o(i.main)
    i.sigarr_init                            0x08002034   Section        0  main.o(i.sigarr_init)
    i.tft_delay                              0x08002104   Section        0  tft.o(i.tft_delay)
    tft_delay                                0x08002105   Thumb Code    16  tft.o(i.tft_delay)
    i.tri                                    0x08002114   Section        0  main.o(i.tri)
    .constdata                               0x08002250   Section       48  cos_i.o(.constdata)
    C                                        0x08002250   Data          48  cos_i.o(.constdata)
    .constdata                               0x08002280   Section      200  rred.o(.constdata)
    pio2s                                    0x08002280   Data          48  rred.o(.constdata)
    twooverpi                                0x080022b0   Data         152  rred.o(.constdata)
    .constdata                               0x08002348   Section       40  sin_i.o(.constdata)
    S                                        0x08002348   Data          40  sin_i.o(.constdata)
    .data                                    0x20000000   Section      108  main.o(.data)
    idx                                      0x20000010   Data           2  main.o(.data)
    n_step                                   0x20000012   Data           2  main.o(.data)
    stype                                    0x20000014   Data          40  main.o(.data)
    sfreq                                    0x2000003c   Data          40  main.o(.data)
    last_t                                   0x20000064   Data           4  main.o(.data)
    last_f                                   0x20000068   Data           4  main.o(.data)
    .data                                    0x2000006c   Section       16  stm32f4xx_rcc.o(.data)
    APBAHBPrescTable                         0x2000006c   Data          16  stm32f4xx_rcc.o(.data)
    .data                                    0x2000007c   Section        4  usart.o(.data)
    tx_restart                               0x2000007c   Data           4  usart.o(.data)
    .data                                    0x20000080   Section        4  errno.o(.data)
    _errno                                   0x20000080   Data           4  errno.o(.data)
    .bss                                     0x20000084   Section      400  main.o(.bss)
    .bss                                     0x20000214   Section      528  usart.o(.bss)
    rbuf                                     0x20000214   Data         264  usart.o(.bss)
    tbuf                                     0x2000031c   Data         264  usart.o(.bss)
    .bss                                     0x20000424   Section      521  tft.o(.bss)
    TFT_send_buffer                          0x20000424   Data         259  tft.o(.bss)
    cmd                                      0x20000527   Data         262  tft.o(.bss)
    STACK                                    0x20000630   Section     1024  startup_stm32f40_41xxx.o(STACK)

    Global Symbols

    Symbol Name                              Value     Ov Type        Size  Object(Section)

    BuildAttributes$$THM_ISAv4$E$P$D$K$B$S$7EM$VFPi3$EXTD16$VFPS$VFMA$PE$A:L22UL41UL21$X:L11$S22US41US21$IEEE1$IW$USESV6$~STKCKD$USESV7$~SHL$OTIME$ROPI$IEEEX$EBA8$MICROLIB$REQ8$PRES8$EABIv2 0x00000000   Number         0  anon$$obj.o ABSOLUTE
    __ARM_use_no_argv                        0x00000000   Number         0  main.o ABSOLUTE
    _printf_a                                0x00000000   Number         0  stubs.o ABSOLUTE
    _printf_c                                0x00000000   Number         0  stubs.o ABSOLUTE
    _printf_charcount                        0x00000000   Number         0  stubs.o ABSOLUTE
    _printf_d                                0x00000000   Number         0  stubs.o ABSOLUTE
    _printf_e                                0x00000000   Number         0  stubs.o ABSOLUTE
    _printf_f                                0x00000000   Number         0  stubs.o ABSOLUTE
    _printf_flags                            0x00000000   Number         0  stubs.o ABSOLUTE
    _printf_fp_dec                           0x00000000   Number         0  stubs.o ABSOLUTE
    _printf_fp_hex                           0x00000000   Number         0  stubs.o ABSOLUTE
    _printf_g                                0x00000000   Number         0  stubs.o ABSOLUTE
    _printf_i                                0x00000000   Number         0  stubs.o ABSOLUTE
    _printf_int_dec                          0x00000000   Number         0  stubs.o ABSOLUTE
    _printf_l                                0x00000000   Number         0  stubs.o ABSOLUTE
    _printf_lc                               0x00000000   Number         0  stubs.o ABSOLUTE
    _printf_ll                               0x00000000   Number         0  stubs.o ABSOLUTE
    _printf_lld                              0x00000000   Number         0  stubs.o ABSOLUTE
    _printf_lli                              0x00000000   Number         0  stubs.o ABSOLUTE
    _printf_llo                              0x00000000   Number         0  stubs.o ABSOLUTE
    _printf_llu                              0x00000000   Number         0  stubs.o ABSOLUTE
    _printf_llx                              0x00000000   Number         0  stubs.o ABSOLUTE
    _printf_longlong_dec                     0x00000000   Number         0  stubs.o ABSOLUTE
    _printf_longlong_hex                     0x00000000   Number         0  stubs.o ABSOLUTE
    _printf_longlong_oct                     0x00000000   Number         0  stubs.o ABSOLUTE
    _printf_ls                               0x00000000   Number         0  stubs.o ABSOLUTE
    _printf_mbtowc                           0x00000000   Number         0  stubs.o ABSOLUTE
    _printf_n                                0x00000000   Number         0  stubs.o ABSOLUTE
    _printf_o                                0x00000000   Number         0  stubs.o ABSOLUTE
    _printf_p                                0x00000000   Number         0  stubs.o ABSOLUTE
    _printf_percent                          0x00000000   Number         0  stubs.o ABSOLUTE
    _printf_pre_padding                      0x00000000   Number         0  stubs.o ABSOLUTE
    _printf_return_value                     0x00000000   Number         0  stubs.o ABSOLUTE
    _printf_s                                0x00000000   Number         0  stubs.o ABSOLUTE
    _printf_sizespec                         0x00000000   Number         0  stubs.o ABSOLUTE
    _printf_str                              0x00000000   Number         0  stubs.o ABSOLUTE
    _printf_truncate_signed                  0x00000000   Number         0  stubs.o ABSOLUTE
    _printf_truncate_unsigned                0x00000000   Number         0  stubs.o ABSOLUTE
    _printf_u                                0x00000000   Number         0  stubs.o ABSOLUTE
    _printf_wc                               0x00000000   Number         0  stubs.o ABSOLUTE
    _printf_wctomb                           0x00000000   Number         0  stubs.o ABSOLUTE
    _printf_widthprec                        0x00000000   Number         0  stubs.o ABSOLUTE
    _printf_x                                0x00000000   Number         0  stubs.o ABSOLUTE
    __cpp_initialize__aeabi_                  - Undefined Weak Reference
    __cxa_finalize                            - Undefined Weak Reference
    __decompress                              - Undefined Weak Reference
    _clock_init                               - Undefined Weak Reference
    _microlib_exit                            - Undefined Weak Reference
    __Vectors_Size                           0x00000188   Number         0  startup_stm32f40_41xxx.o ABSOLUTE
    __Vectors                                0x08000000   Data           4  startup_stm32f40_41xxx.o(RESET)
    __Vectors_End                            0x08000188   Data           0  startup_stm32f40_41xxx.o(RESET)
    __main                                   0x08000189   Thumb Code     0  entry.o(.ARM.Collect$$$$00000000)
    _main_stk                                0x08000189   Thumb Code     0  entry2.o(.ARM.Collect$$$$00000001)
    _main_scatterload                        0x0800018d   Thumb Code     0  entry5.o(.ARM.Collect$$$$00000004)
    __main_after_scatterload                 0x08000191   Thumb Code     0  entry5.o(.ARM.Collect$$$$00000004)
    _main_clock                              0x08000191   Thumb Code     0  entry7b.o(.ARM.Collect$$$$00000008)
    _main_cpp_init                           0x08000191   Thumb Code     0  entry8b.o(.ARM.Collect$$$$0000000A)
    _main_init                               0x08000191   Thumb Code     0  entry9a.o(.ARM.Collect$$$$0000000B)
    __rt_final_cpp                           0x08000199   Thumb Code     0  entry10a.o(.ARM.Collect$$$$0000000D)
    __rt_final_exit                          0x08000199   Thumb Code     0  entry11a.o(.ARM.Collect$$$$0000000F)
    Reset_Handler                            0x0800019d   Thumb Code     8  startup_stm32f40_41xxx.o(.text)
    NMI_Handler                              0x080001a5   Thumb Code     2  startup_stm32f40_41xxx.o(.text)
    HardFault_Handler                        0x080001a7   Thumb Code     2  startup_stm32f40_41xxx.o(.text)
    MemManage_Handler                        0x080001a9   Thumb Code     2  startup_stm32f40_41xxx.o(.text)
    BusFault_Handler                         0x080001ab   Thumb Code     2  startup_stm32f40_41xxx.o(.text)
    UsageFault_Handler                       0x080001ad   Thumb Code     2  startup_stm32f40_41xxx.o(.text)
    SVC_Handler                              0x080001af   Thumb Code     2  startup_stm32f40_41xxx.o(.text)
    DebugMon_Handler                         0x080001b1   Thumb Code     2  startup_stm32f40_41xxx.o(.text)
    PendSV_Handler                           0x080001b3   Thumb Code     2  startup_stm32f40_41xxx.o(.text)
    SysTick_Handler                          0x080001b5   Thumb Code     2  startup_stm32f40_41xxx.o(.text)
    ADC_IRQHandler                           0x080001b7   Thumb Code     0  startup_stm32f40_41xxx.o(.text)
    CAN1_RX0_IRQHandler                      0x080001b7   Thumb Code     0  startup_stm32f40_41xxx.o(.text)
    CAN1_RX1_IRQHandler                      0x080001b7   Thumb Code     0  startup_stm32f40_41xxx.o(.text)
    CAN1_SCE_IRQHandler                      0x080001b7   Thumb Code     0  startup_stm32f40_41xxx.o(.text)
    CAN1_TX_IRQHandler                       0x080001b7   Thumb Code     0  startup_stm32f40_41xxx.o(.text)
    CAN2_RX0_IRQHandler                      0x080001b7   Thumb Code     0  startup_stm32f40_41xxx.o(.text)
    CAN2_RX1_IRQHandler                      0x080001b7   Thumb Code     0  startup_stm32f40_41xxx.o(.text)
    CAN2_SCE_IRQHandler                      0x080001b7   Thumb Code     0  startup_stm32f40_41xxx.o(.text)
    CAN2_TX_IRQHandler                       0x080001b7   Thumb Code     0  startup_stm32f40_41xxx.o(.text)
    CRYP_IRQHandler                          0x080001b7   Thumb Code     0  startup_stm32f40_41xxx.o(.text)
    DCMI_IRQHandler                          0x080001b7   Thumb Code     0  startup_stm32f40_41xxx.o(.text)
    DMA1_Stream0_IRQHandler                  0x080001b7   Thumb Code     0  startup_stm32f40_41xxx.o(.text)
    DMA1_Stream1_IRQHandler                  0x080001b7   Thumb Code     0  startup_stm32f40_41xxx.o(.text)
    DMA1_Stream2_IRQHandler                  0x080001b7   Thumb Code     0  startup_stm32f40_41xxx.o(.text)
    DMA1_Stream3_IRQHandler                  0x080001b7   Thumb Code     0  startup_stm32f40_41xxx.o(.text)
    DMA1_Stream4_IRQHandler                  0x080001b7   Thumb Code     0  startup_stm32f40_41xxx.o(.text)
    DMA1_Stream5_IRQHandler                  0x080001b7   Thumb Code     0  startup_stm32f40_41xxx.o(.text)
    DMA1_Stream6_IRQHandler                  0x080001b7   Thumb Code     0  startup_stm32f40_41xxx.o(.text)
    DMA1_Stream7_IRQHandler                  0x080001b7   Thumb Code     0  startup_stm32f40_41xxx.o(.text)
    DMA2_Stream0_IRQHandler                  0x080001b7   Thumb Code     0  startup_stm32f40_41xxx.o(.text)
    DMA2_Stream1_IRQHandler                  0x080001b7   Thumb Code     0  startup_stm32f40_41xxx.o(.text)
    DMA2_Stream2_IRQHandler                  0x080001b7   Thumb Code     0  startup_stm32f40_41xxx.o(.text)
    DMA2_Stream3_IRQHandler                  0x080001b7   Thumb Code     0  startup_stm32f40_41xxx.o(.text)
    DMA2_Stream4_IRQHandler                  0x080001b7   Thumb Code     0  startup_stm32f40_41xxx.o(.text)
    DMA2_Stream5_IRQHandler                  0x080001b7   Thumb Code     0  startup_stm32f40_41xxx.o(.text)
    DMA2_Stream6_IRQHandler                  0x080001b7   Thumb Code     0  startup_stm32f40_41xxx.o(.text)
    DMA2_Stream7_IRQHandler                  0x080001b7   Thumb Code     0  startup_stm32f40_41xxx.o(.text)
    ETH_IRQHandler                           0x080001b7   Thumb Code     0  startup_stm32f40_41xxx.o(.text)
    ETH_WKUP_IRQHandler                      0x080001b7   Thumb Code     0  startup_stm32f40_41xxx.o(.text)
    EXTI0_IRQHandler                         0x080001b7   Thumb Code     0  startup_stm32f40_41xxx.o(.text)
    EXTI15_10_IRQHandler                     0x080001b7   Thumb Code     0  startup_stm32f40_41xxx.o(.text)
    EXTI1_IRQHandler                         0x080001b7   Thumb Code     0  startup_stm32f40_41xxx.o(.text)
    EXTI2_IRQHandler                         0x080001b7   Thumb Code     0  startup_stm32f40_41xxx.o(.text)
    EXTI3_IRQHandler                         0x080001b7   Thumb Code     0  startup_stm32f40_41xxx.o(.text)
    EXTI4_IRQHandler                         0x080001b7   Thumb Code     0  startup_stm32f40_41xxx.o(.text)
    FLASH_IRQHandler                         0x080001b7   Thumb Code     0  startup_stm32f40_41xxx.o(.text)
    FPU_IRQHandler                           0x080001b7   Thumb Code     0  startup_stm32f40_41xxx.o(.text)
    FSMC_IRQHandler                          0x080001b7   Thumb Code     0  startup_stm32f40_41xxx.o(.text)
    HASH_RNG_IRQHandler                      0x080001b7   Thumb Code     0  startup_stm32f40_41xxx.o(.text)
    I2C1_ER_IRQHandler                       0x080001b7   Thumb Code     0  startup_stm32f40_41xxx.o(.text)
    I2C1_EV_IRQHandler                       0x080001b7   Thumb Code     0  startup_stm32f40_41xxx.o(.text)
    I2C2_ER_IRQHandler                       0x080001b7   Thumb Code     0  startup_stm32f40_41xxx.o(.text)
    I2C2_EV_IRQHandler                       0x080001b7   Thumb Code     0  startup_stm32f40_41xxx.o(.text)
    I2C3_ER_IRQHandler                       0x080001b7   Thumb Code     0  startup_stm32f40_41xxx.o(.text)
    I2C3_EV_IRQHandler                       0x080001b7   Thumb Code     0  startup_stm32f40_41xxx.o(.text)
    OTG_FS_IRQHandler                        0x080001b7   Thumb Code     0  startup_stm32f40_41xxx.o(.text)
    OTG_FS_WKUP_IRQHandler                   0x080001b7   Thumb Code     0  startup_stm32f40_41xxx.o(.text)
    OTG_HS_EP1_IN_IRQHandler                 0x080001b7   Thumb Code     0  startup_stm32f40_41xxx.o(.text)
    OTG_HS_EP1_OUT_IRQHandler                0x080001b7   Thumb Code     0  startup_stm32f40_41xxx.o(.text)
    OTG_HS_IRQHandler                        0x080001b7   Thumb Code     0  startup_stm32f40_41xxx.o(.text)
    OTG_HS_WKUP_IRQHandler                   0x080001b7   Thumb Code     0  startup_stm32f40_41xxx.o(.text)
    PVD_IRQHandler                           0x080001b7   Thumb Code     0  startup_stm32f40_41xxx.o(.text)
    RCC_IRQHandler                           0x080001b7   Thumb Code     0  startup_stm32f40_41xxx.o(.text)
    RTC_Alarm_IRQHandler                     0x080001b7   Thumb Code     0  startup_stm32f40_41xxx.o(.text)
    RTC_WKUP_IRQHandler                      0x080001b7   Thumb Code     0  startup_stm32f40_41xxx.o(.text)
    SDIO_IRQHandler                          0x080001b7   Thumb Code     0  startup_stm32f40_41xxx.o(.text)
    SPI1_IRQHandler                          0x080001b7   Thumb Code     0  startup_stm32f40_41xxx.o(.text)
    SPI2_IRQHandler                          0x080001b7   Thumb Code     0  startup_stm32f40_41xxx.o(.text)
    SPI3_IRQHandler                          0x080001b7   Thumb Code     0  startup_stm32f40_41xxx.o(.text)
    TAMP_STAMP_IRQHandler                    0x080001b7   Thumb Code     0  startup_stm32f40_41xxx.o(.text)
    TIM1_BRK_TIM9_IRQHandler                 0x080001b7   Thumb Code     0  startup_stm32f40_41xxx.o(.text)
    TIM1_CC_IRQHandler                       0x080001b7   Thumb Code     0  startup_stm32f40_41xxx.o(.text)
    TIM1_TRG_COM_TIM11_IRQHandler            0x080001b7   Thumb Code     0  startup_stm32f40_41xxx.o(.text)
    TIM1_UP_TIM10_IRQHandler                 0x080001b7   Thumb Code     0  startup_stm32f40_41xxx.o(.text)
    TIM2_IRQHandler                          0x080001b7   Thumb Code     0  startup_stm32f40_41xxx.o(.text)
    TIM3_IRQHandler                          0x080001b7   Thumb Code     0  startup_stm32f40_41xxx.o(.text)
    TIM4_IRQHandler                          0x080001b7   Thumb Code     0  startup_stm32f40_41xxx.o(.text)
    TIM5_IRQHandler                          0x080001b7   Thumb Code     0  startup_stm32f40_41xxx.o(.text)
    TIM6_DAC_IRQHandler                      0x080001b7   Thumb Code     0  startup_stm32f40_41xxx.o(.text)
    TIM7_IRQHandler                          0x080001b7   Thumb Code     0  startup_stm32f40_41xxx.o(.text)
    TIM8_BRK_TIM12_IRQHandler                0x080001b7   Thumb Code     0  startup_stm32f40_41xxx.o(.text)
    TIM8_CC_IRQHandler                       0x080001b7   Thumb Code     0  startup_stm32f40_41xxx.o(.text)
    TIM8_TRG_COM_TIM14_IRQHandler            0x080001b7   Thumb Code     0  startup_stm32f40_41xxx.o(.text)
    UART4_IRQHandler                         0x080001b7   Thumb Code     0  startup_stm32f40_41xxx.o(.text)
    UART5_IRQHandler                         0x080001b7   Thumb Code     0  startup_stm32f40_41xxx.o(.text)
    USART1_IRQHandler                        0x080001b7   Thumb Code     0  startup_stm32f40_41xxx.o(.text)
    USART2_IRQHandler                        0x080001b7   Thumb Code     0  startup_stm32f40_41xxx.o(.text)
    USART3_IRQHandler                        0x080001b7   Thumb Code     0  startup_stm32f40_41xxx.o(.text)
    WWDG_IRQHandler                          0x080001b7   Thumb Code     0  startup_stm32f40_41xxx.o(.text)
    strlen                                   0x080001c1   Thumb Code    14  strlen.o(.text)
    __aeabi_dadd                             0x080001cf   Thumb Code   322  dadd.o(.text)
    __aeabi_dsub                             0x08000311   Thumb Code     6  dadd.o(.text)
    __aeabi_drsub                            0x08000317   Thumb Code     6  dadd.o(.text)
    __aeabi_dmul                             0x0800031d   Thumb Code   228  dmul.o(.text)
    __aeabi_ddiv                             0x08000401   Thumb Code   222  ddiv.o(.text)
    __aeabi_i2d                              0x080004df   Thumb Code    34  dflti.o(.text)
    __aeabi_d2iz                             0x08000501   Thumb Code    62  dfixi.o(.text)
    __aeabi_cdcmpeq                          0x08000541   Thumb Code     0  cdcmple.o(.text)
    __aeabi_cdcmple                          0x08000541   Thumb Code    48  cdcmple.o(.text)
    __aeabi_cdrcmple                         0x08000571   Thumb Code    48  cdrcmple.o(.text)
    __aeabi_llsl                             0x080005a1   Thumb Code    30  llshl.o(.text)
    _ll_shift_l                              0x080005a1   Thumb Code     0  llshl.o(.text)
    __aeabi_llsr                             0x080005bf   Thumb Code    32  llushr.o(.text)
    _ll_ushift_r                             0x080005bf   Thumb Code     0  llushr.o(.text)
    __aeabi_lasr                             0x080005df   Thumb Code    36  llsshr.o(.text)
    _ll_sshift_r                             0x080005df   Thumb Code     0  llsshr.o(.text)
    __I$use$fp                               0x08000603   Thumb Code     0  iusefp.o(.text)
    _double_round                            0x08000603   Thumb Code    30  depilogue.o(.text)
    _double_epilogue                         0x08000621   Thumb Code   156  depilogue.o(.text)
    __scatterload                            0x080006bd   Thumb Code    28  init.o(.text)
    __scatterload_rt2                        0x080006bd   Thumb Code     0  init.o(.text)
    __aeabi_ui2d                             0x080006e1   Thumb Code    26  dfltui.o(.text)
    EXTI9_5_IRQHandler                       0x080006fd   Thumb Code   142  main.o(i.EXTI9_5_IRQHandler)
    GPIO_Init                                0x080007a5   Thumb Code   144  stm32f4xx_gpio.o(i.GPIO_Init)
    GPIO_PinAFConfig                         0x08000835   Thumb Code    70  stm32f4xx_gpio.o(i.GPIO_PinAFConfig)
    I2C_CheckEvent                           0x0800087b   Thumb Code    42  stm32f4xx_i2c.o(i.I2C_CheckEvent)
    I2C_Cmd                                  0x080008a5   Thumb Code    24  stm32f4xx_i2c.o(i.I2C_Cmd)
    I2C_GenerateSTART                        0x080008bd   Thumb Code    24  stm32f4xx_i2c.o(i.I2C_GenerateSTART)
    I2C_GenerateSTOP                         0x080008d5   Thumb Code    24  stm32f4xx_i2c.o(i.I2C_GenerateSTOP)
    I2C_Init                                 0x080008ed   Thumb Code   218  stm32f4xx_i2c.o(i.I2C_Init)
    I2C_ReceiveData                          0x080009d5   Thumb Code     8  stm32f4xx_i2c.o(i.I2C_ReceiveData)
    I2C_Send7bitAddress                      0x080009dd   Thumb Code    16  stm32f4xx_i2c.o(i.I2C_Send7bitAddress)
    I2C_SendData                             0x080009ed   Thumb Code     4  stm32f4xx_i2c.o(i.I2C_SendData)
    NVIC_Init                                0x08000a09   Thumb Code   106  misc.o(i.NVIC_Init)
    NVIC_PriorityGroupConfig                 0x08000a81   Thumb Code    10  misc.o(i.NVIC_PriorityGroupConfig)
    RCC_AHB1PeriphClockCmd                   0x08000abd   Thumb Code    26  stm32f4xx_rcc.o(i.RCC_AHB1PeriphClockCmd)
    RCC_APB1PeriphClockCmd                   0x08000add   Thumb Code    26  stm32f4xx_rcc.o(i.RCC_APB1PeriphClockCmd)
    RCC_APB1PeriphResetCmd                   0x08000afd   Thumb Code    26  stm32f4xx_rcc.o(i.RCC_APB1PeriphResetCmd)
    RCC_APB2PeriphClockCmd                   0x08000b1d   Thumb Code    26  stm32f4xx_rcc.o(i.RCC_APB2PeriphClockCmd)
    RCC_GetClocksFreq                        0x08000b3d   Thumb Code   214  stm32f4xx_rcc.o(i.RCC_GetClocksFreq)
    SystemInit                               0x08000d11   Thumb Code    88  system_stm32f4xx.o(i.SystemInit)
    TFT_Init                                 0x08000d79   Thumb Code   182  tft.o(i.TFT_Init)
    TFT_cls                                  0x08000e3d   Thumb Code    10  tft.o(i.TFT_cls)
    TFT_gotoxy                               0x08000e47   Thumb Code    46  tft.o(i.TFT_gotoxy)
    TFT_putc                                 0x08000e75   Thumb Code    30  tft.o(i.TFT_putc)
    TFT_puts                                 0x08000e93   Thumb Code    20  tft.o(i.TFT_puts)
    TFT_send_data                            0x08000ea9   Thumb Code   292  tft.o(i.TFT_send_data)
    TFT_terminal_on                          0x08000fdd   Thumb Code    30  tft.o(i.TFT_terminal_on)
    TIM8_UP_TIM13_IRQHandler                 0x08000ffd   Thumb Code   148  main.o(i.TIM8_UP_TIM13_IRQHandler)
    TIM_delay_init                           0x080010b1   Thumb Code    22  main.o(i.TIM_delay_init)
    USART6_IRQHandler                        0x080010d1   Thumb Code   146  usart.o(i.USART6_IRQHandler)
    USART_Buffer_Init                        0x08001175   Thumb Code    24  usart.o(i.USART_Buffer_Init)
    USART_Cmd                                0x08001199   Thumb Code    24  stm32f4xx_usart.o(i.USART_Cmd)
    USART_Device_Init                        0x080011b1   Thumb Code   198  usart.o(i.USART_Device_Init)
    USART_Init                               0x08001281   Thumb Code   204  stm32f4xx_usart.o(i.USART_Init)
    USART_OverSampling8Cmd                   0x08001355   Thumb Code    22  stm32f4xx_usart.o(i.USART_OverSampling8Cmd)
    __ARM_fpclassify                         0x0800136b   Thumb Code    48  fpclassify.o(i.__ARM_fpclassify)
    __hardfp_fabs                            0x0800139b   Thumb Code    20  fabs.o(i.__hardfp_fabs)
    __hardfp_modf                            0x080013b1   Thumb Code   202  modf.o(i.__hardfp_modf)
    __hardfp_sin                             0x08001481   Thumb Code   180  sin.o(i.__hardfp_sin)
    __ieee754_rem_pio2                       0x08001549   Thumb Code   938  rred.o(i.__ieee754_rem_pio2)
    __kernel_cos                             0x08001981   Thumb Code   322  cos_i.o(i.__kernel_cos)
    __kernel_poly                            0x08001af1   Thumb Code   248  poly.o(i.__kernel_poly)
    __kernel_sin                             0x08001be9   Thumb Code   280  sin_i.o(i.__kernel_sin)
    __mathlib_dbl_infnan                     0x08001d19   Thumb Code    20  dunder.o(i.__mathlib_dbl_infnan)
    __mathlib_dbl_invalid                    0x08001d31   Thumb Code    24  dunder.o(i.__mathlib_dbl_invalid)
    __mathlib_dbl_underflow                  0x08001d51   Thumb Code    24  dunder.o(i.__mathlib_dbl_underflow)
    __scatterload_copy                       0x08001d71   Thumb Code    14  handlers.o(i.__scatterload_copy)
    __scatterload_null                       0x08001d7f   Thumb Code     2  handlers.o(i.__scatterload_null)
    __scatterload_zeroinit                   0x08001d81   Thumb Code    14  handlers.o(i.__scatterload_zeroinit)
    __set_errno                              0x08001d91   Thumb Code     6  errno.o(i.__set_errno)
    display_status                           0x08001d9d   Thumb Code    96  main.o(i.display_status)
    fabs                                     0x08001e15   Thumb Code    24  fabs.o(i.fabs)
    initCEP_Board                            0x08001e2d   Thumb Code    20  ce_lib.o(i.initCEP_Board)
    initIO                                   0x08001e41   Thumb Code   188  ce_lib.o(i.initIO)
    main                                     0x08001f15   Thumb Code   254  main.o(i.main)
    sigarr_init                              0x08002035   Thumb Code   184  main.o(i.sigarr_init)
    tri                                      0x08002115   Thumb Code   270  main.o(i.tri)
    Region$$Table$$Base                      0x08002370   Number         0  anon$$obj.o(Region$$Table)
    Region$$Table$$Limit                     0x08002390   Number         0  anon$$obj.o(Region$$Table)
    cycles_times_us                          0x20000000   Data           4  main.o(.data)
    n_step                                   0x20000004   Data           2  main.o(.data)
    wave_t                                   0x20000006   Data           1  main.o(.data)
    wave_f                                   0x20000007   Data           1  main.o(.data)
    stype_idx                                0x20000008   Data           4  main.o(.data)
    sfreq_idx                                0x2000000c   Data           4  main.o(.data)
    sigarr_tri                               0x20000084   Data         200  main.o(.bss)
    sigarr_sin                               0x2000014c   Data         200  main.o(.bss)
    __initial_sp                             0x20000a30   Data           0  startup_stm32f40_41xxx.o(STACK)



==============================================================================

Memory Map of the image

  Image Entry point : 0x08000189

  Load Region LR_IROM1 (Base: 0x08000000, Size: 0x00002414, Max: 0x00100000, ABSOLUTE)

    Execution Region ER_IROM1 (Base: 0x08000000, Size: 0x00002390, Max: 0x00100000, ABSOLUTE)

    Base Addr    Size         Type   Attr      Idx    E Section Name        Object

    0x08000000   0x00000188   Data   RO          842    RESET               startup_stm32f40_41xxx.o
    0x08000188   0x00000000   Code   RO         1587  * .ARM.Collect$$$$00000000  mc_w.l(entry.o)
    0x08000188   0x00000004   Code   RO         1895    .ARM.Collect$$$$00000001  mc_w.l(entry2.o)
    0x0800018c   0x00000004   Code   RO         1898    .ARM.Collect$$$$00000004  mc_w.l(entry5.o)
    0x08000190   0x00000000   Code   RO         1900    .ARM.Collect$$$$00000008  mc_w.l(entry7b.o)
    0x08000190   0x00000000   Code   RO         1902    .ARM.Collect$$$$0000000A  mc_w.l(entry8b.o)
    0x08000190   0x00000008   Code   RO         1903    .ARM.Collect$$$$0000000B  mc_w.l(entry9a.o)
    0x08000198   0x00000000   Code   RO         1905    .ARM.Collect$$$$0000000D  mc_w.l(entry10a.o)
    0x08000198   0x00000000   Code   RO         1907    .ARM.Collect$$$$0000000F  mc_w.l(entry11a.o)
    0x08000198   0x00000004   Code   RO         1896    .ARM.Collect$$$$00002712  mc_w.l(entry2.o)
    0x0800019c   0x00000024   Code   RO          843    .text               startup_stm32f40_41xxx.o
    0x080001c0   0x0000000e   Code   RO         1590    .text               mc_w.l(strlen.o)
    0x080001ce   0x0000014e   Code   RO         1853    .text               mf_w.l(dadd.o)
    0x0800031c   0x000000e4   Code   RO         1855    .text               mf_w.l(dmul.o)
    0x08000400   0x000000de   Code   RO         1857    .text               mf_w.l(ddiv.o)
    0x080004de   0x00000022   Code   RO         1859    .text               mf_w.l(dflti.o)
    0x08000500   0x0000003e   Code   RO         1861    .text               mf_w.l(dfixi.o)
    0x0800053e   0x00000002   PAD
    0x08000540   0x00000030   Code   RO         1863    .text               mf_w.l(cdcmple.o)
    0x08000570   0x00000030   Code   RO         1865    .text               mf_w.l(cdrcmple.o)
    0x080005a0   0x0000001e   Code   RO         1913    .text               mc_w.l(llshl.o)
    0x080005be   0x00000020   Code   RO         1915    .text               mc_w.l(llushr.o)
    0x080005de   0x00000024   Code   RO         1917    .text               mc_w.l(llsshr.o)
    0x08000602   0x00000000   Code   RO         1926    .text               mc_w.l(iusefp.o)
    0x08000602   0x000000ba   Code   RO         1927    .text               mf_w.l(depilogue.o)
    0x080006bc   0x00000024   Code   RO         1937    .text               mc_w.l(init.o)
    0x080006e0   0x0000001a   Code   RO         1939    .text               mf_w.l(dfltui.o)
    0x080006fa   0x00000002   PAD
    0x080006fc   0x000000a8   Code   RO            3    i.EXTI9_5_IRQHandler  main.o
    0x080007a4   0x00000090   Code   RO          226    i.GPIO_Init         stm32f4xx_gpio.o
    0x08000834   0x00000046   Code   RO          227    i.GPIO_PinAFConfig  stm32f4xx_gpio.o
    0x0800087a   0x0000002a   Code   RO          903    i.I2C_CheckEvent    stm32f4xx_i2c.o
    0x080008a4   0x00000018   Code   RO          906    i.I2C_Cmd           stm32f4xx_i2c.o
    0x080008bc   0x00000018   Code   RO          914    i.I2C_GenerateSTART  stm32f4xx_i2c.o
    0x080008d4   0x00000018   Code   RO          915    i.I2C_GenerateSTOP  stm32f4xx_i2c.o
    0x080008ec   0x000000e8   Code   RO          921    i.I2C_Init          stm32f4xx_i2c.o
    0x080009d4   0x00000008   Code   RO          926    i.I2C_ReceiveData   stm32f4xx_i2c.o
    0x080009dc   0x00000010   Code   RO          928    i.I2C_Send7bitAddress  stm32f4xx_i2c.o
    0x080009ec   0x00000004   Code   RO          929    i.I2C_SendData      stm32f4xx_i2c.o
    0x080009f0   0x00000016   Code   RO            4    i.NVIC_EnableIRQ    main.o
    0x08000a06   0x00000002   PAD
    0x08000a08   0x00000078   Code   RO          177    i.NVIC_Init         misc.o
    0x08000a80   0x00000014   Code   RO          178    i.NVIC_PriorityGroupConfig  misc.o
    0x08000a94   0x00000028   Code   RO            5    i.NVIC_SetPriority  main.o
    0x08000abc   0x00000020   Code   RO          323    i.RCC_AHB1PeriphClockCmd  stm32f4xx_rcc.o
    0x08000adc   0x00000020   Code   RO          332    i.RCC_APB1PeriphClockCmd  stm32f4xx_rcc.o
    0x08000afc   0x00000020   Code   RO          334    i.RCC_APB1PeriphResetCmd  stm32f4xx_rcc.o
    0x08000b1c   0x00000020   Code   RO          335    i.RCC_APB2PeriphClockCmd  stm32f4xx_rcc.o
    0x08000b3c   0x000000e8   Code   RO          344    i.RCC_GetClocksFreq  stm32f4xx_rcc.o
    0x08000c24   0x000000ec   Code   RO          849    i.SetSysClock       system_stm32f4xx.o
    0x08000d10   0x00000068   Code   RO          851    i.SystemInit        system_stm32f4xx.o
    0x08000d78   0x000000c4   Code   RO         1286    i.TFT_Init          tft.o
    0x08000e3c   0x0000000a   Code   RO         1295    i.TFT_cls           tft.o
    0x08000e46   0x0000002e   Code   RO         1301    i.TFT_gotoxy        tft.o
    0x08000e74   0x0000001e   Code   RO         1308    i.TFT_putc          tft.o
    0x08000e92   0x00000014   Code   RO         1309    i.TFT_puts          tft.o
    0x08000ea6   0x00000002   PAD
    0x08000ea8   0x00000134   Code   RO         1311    i.TFT_send_data     tft.o
    0x08000fdc   0x0000001e   Code   RO         1321    i.TFT_terminal_on   tft.o
    0x08000ffa   0x00000002   PAD
    0x08000ffc   0x000000b4   Code   RO            6    i.TIM8_UP_TIM13_IRQHandler  main.o
    0x080010b0   0x00000020   Code   RO            7    i.TIM_delay_init    main.o
    0x080010d0   0x000000a4   Code   RO         1187    i.USART6_IRQHandler  usart.o
    0x08001174   0x00000024   Code   RO         1188    i.USART_Buffer_Init  usart.o
    0x08001198   0x00000018   Code   RO          655    i.USART_Cmd         stm32f4xx_usart.o
    0x080011b0   0x000000d0   Code   RO         1189    i.USART_Device_Init  usart.o
    0x08001280   0x000000d4   Code   RO          662    i.USART_Init        stm32f4xx_usart.o
    0x08001354   0x00000016   Code   RO          668    i.USART_OverSampling8Cmd  stm32f4xx_usart.o
    0x0800136a   0x00000030   Code   RO         1933    i.__ARM_fpclassify  m_wm.l(fpclassify.o)
    0x0800139a   0x00000014   Code   RO         1563    i.__hardfp_fabs     m_wm.l(fabs.o)
    0x080013ae   0x00000002   PAD
    0x080013b0   0x000000d0   Code   RO         1569    i.__hardfp_modf     m_wm.l(modf.o)
    0x08001480   0x000000c8   Code   RO         1575    i.__hardfp_sin      m_wm.l(sin.o)
    0x08001548   0x00000438   Code   RO         1884    i.__ieee754_rem_pio2  m_wm.l(rred.o)
    0x08001980   0x00000170   Code   RO         1867    i.__kernel_cos      m_wm.l(cos_i.o)
    0x08001af0   0x000000f8   Code   RO         1935    i.__kernel_poly     m_wm.l(poly.o)
    0x08001be8   0x00000130   Code   RO         1889    i.__kernel_sin      m_wm.l(sin_i.o)
    0x08001d18   0x00000014   Code   RO         1871    i.__mathlib_dbl_infnan  m_wm.l(dunder.o)
    0x08001d2c   0x00000004   PAD
    0x08001d30   0x00000020   Code   RO         1873    i.__mathlib_dbl_invalid  m_wm.l(dunder.o)
    0x08001d50   0x00000020   Code   RO         1876    i.__mathlib_dbl_underflow  m_wm.l(dunder.o)
    0x08001d70   0x0000000e   Code   RO         1943    i.__scatterload_copy  mc_w.l(handlers.o)
    0x08001d7e   0x00000002   Code   RO         1944    i.__scatterload_null  mc_w.l(handlers.o)
    0x08001d80   0x0000000e   Code   RO         1945    i.__scatterload_zeroinit  mc_w.l(handlers.o)
    0x08001d8e   0x00000002   PAD
    0x08001d90   0x0000000c   Code   RO         1921    i.__set_errno       mc_w.l(errno.o)
    0x08001d9c   0x00000078   Code   RO            9    i.display_status    main.o
    0x08001e14   0x00000018   Code   RO         1565    i.fabs              m_wm.l(fabs.o)
    0x08001e2c   0x00000014   Code   RO         1128    i.initCEP_Board     ce_lib.o
    0x08001e40   0x000000d4   Code   RO         1129    i.initIO            ce_lib.o
    0x08001f14   0x00000120   Code   RO           10    i.main              main.o
    0x08002034   0x000000d0   Code   RO           11    i.sigarr_init       main.o
    0x08002104   0x00000010   Code   RO         1328    i.tft_delay         tft.o
    0x08002114   0x00000138   Code   RO           12    i.tri               main.o
    0x0800224c   0x00000004   PAD
    0x08002250   0x00000030   Data   RO         1868    .constdata          m_wm.l(cos_i.o)
    0x08002280   0x000000c8   Data   RO         1886    .constdata          m_wm.l(rred.o)
    0x08002348   0x00000028   Data   RO         1890    .constdata          m_wm.l(sin_i.o)
    0x08002370   0x00000020   Data   RO         1941    Region$$Table       anon$$obj.o


    Execution Region RW_IRAM1 (Base: 0x20000000, Size: 0x00000a30, Max: 0x00020000, ABSOLUTE)

    Base Addr    Size         Type   Attr      Idx    E Section Name        Object

    0x20000000   0x0000006c   Data   RW           14    .data               main.o
    0x2000006c   0x00000010   Data   RW          375    .data               stm32f4xx_rcc.o
    0x2000007c   0x00000004   Data   RW         1193    .data               usart.o
    0x20000080   0x00000004   Data   RW         1922    .data               mc_w.l(errno.o)
    0x20000084   0x00000190   Zero   RW           13    .bss                main.o
    0x20000214   0x00000210   Zero   RW         1192    .bss                usart.o
    0x20000424   0x00000209   Zero   RW         1329    .bss                tft.o
    0x2000062d   0x00000003   PAD
    0x20000630   0x00000400   Zero   RW          840    STACK               startup_stm32f40_41xxx.o


==============================================================================

Image component sizes


      Code (inc. data)   RO Data    RW Data    ZI Data      Debug   Object Name

       232         24          0          0          0       1065   ce_lib.o
      1370        200          0        108        400     305681   main.o
       140         24          0          0          0       1591   misc.o
        36          8        392          0       1024        832   startup_stm32f40_41xxx.o
       214          0          0          0          0       1815   stm32f4xx_gpio.o
       374         14          0          0          0      13544   stm32f4xx_i2c.o
       360         42          0         16          0       5276   stm32f4xx_rcc.o
       258          8          0          0          0       8686   stm32f4xx_usart.o
       340         32          0          0          0       1509   system_stm32f4xx.o
       656         30          0          0        521       6559   tft.o
       408         40          0          4        528       3264   usart.o

    ----------------------------------------------------------------------
      4398        426        424        128       2476     349822   Object Totals
         0          0         32          0          0          0   (incl. Generated)
        10          4          0          0          3          0   (incl. Padding)

    ----------------------------------------------------------------------

      Code (inc. data)   RO Data    RW Data    ZI Data      Debug   Library Member Name

       368         46         48          0          0        200   cos_i.o
        84         16          0          0          0        372   dunder.o
        44          0          0          0          0        248   fabs.o
        48          0          0          0          0        124   fpclassify.o
       208          6          0          0          0        152   modf.o
       248          0          0          0          0        152   poly.o
      1080        142        200          0          0        188   rred.o
       200         20          0          0          0        164   sin.o
       304         24         40          0          0        208   sin_i.o
         0          0          0          0          0          0   entry.o
         0          0          0          0          0          0   entry10a.o
         0          0          0          0          0          0   entry11a.o
         8          4          0          0          0          0   entry2.o
         4          0          0          0          0          0   entry5.o
         0          0          0          0          0          0   entry7b.o
         0          0          0          0          0          0   entry8b.o
         8          4          0          0          0          0   entry9a.o
        12          6          0          4          0         68   errno.o
        30          0          0          0          0          0   handlers.o
        36          8          0          0          0         68   init.o
         0          0          0          0          0          0   iusefp.o
        30          0          0          0          0         68   llshl.o
        36          0          0          0          0         68   llsshr.o
        32          0          0          0          0         68   llushr.o
        14          0          0          0          0         68   strlen.o
        48          0          0          0          0         68   cdcmple.o
        48          0          0          0          0         68   cdrcmple.o
       334          0          0          0          0        148   dadd.o
       222          0          0          0          0        100   ddiv.o
       186          0          0          0          0        176   depilogue.o
        62          0          0          0          0         80   dfixi.o
        34          0          0          0          0         76   dflti.o
        26          0          0          0          0         76   dfltui.o
       228          0          0          0          0         96   dmul.o

    ----------------------------------------------------------------------
      3994        276        288          4          0       3104   Library Totals
        12          0          0          0          0          0   (incl. Padding)

    ----------------------------------------------------------------------

      Code (inc. data)   RO Data    RW Data    ZI Data      Debug   Library Name

      2584        254        288          0          0       1808   m_wm.l
       210         22          0          4          0        408   mc_w.l
      1188          0          0          0          0        888   mf_w.l

    ----------------------------------------------------------------------
      3994        276        288          4          0       3104   Library Totals

    ----------------------------------------------------------------------

==============================================================================


      Code (inc. data)   RO Data    RW Data    ZI Data      Debug   

      8392        702        712        132       2476     347358   Grand Totals
      8392        702        712        132       2476     347358   ELF Image Totals
      8392        702        712        132          0          0   ROM Totals

==============================================================================

    Total RO  Size (Code + RO Data)                 9104 (   8.89kB)
    Total RW  Size (RW Data + ZI Data)              2608 (   2.55kB)
    Total ROM Size (Code + RO Data + RW Data)       9236 (   9.02kB)

==============================================================================

